[0.938s] Invoking command in '/home/sunny/robotics/turtlebot3_ws/build/slam': PYTHONPATH=/home/sunny/robotics/turtlebot3_ws/build/slam/prefix_override:/usr/lib/python3/dist-packages/colcon_core/task/python/colcon_distutils_commands:/home/sunny/robotics/turtlebot3_ws/install/slam/lib/python3.12/site-packages:${PYTHONPATH} /usr/bin/python3 -W ignore:setup.py install is deprecated -W ignore:easy_install command is deprecated setup.py develop --editable --build-directory /home/sunny/robotics/turtlebot3_ws/build/slam/build --no-deps symlink_data
[1.183s] running develop
[1.343s] running egg_info
[1.343s] creating slam.egg-info
[1.360s] writing slam.egg-info/PKG-INFO
[1.361s] writing dependency_links to slam.egg-info/dependency_links.txt
[1.361s] writing entry points to slam.egg-info/entry_points.txt
[1.361s] writing requirements to slam.egg-info/requires.txt
[1.361s] writing top-level names to slam.egg-info/top_level.txt
[1.361s] writing manifest file 'slam.egg-info/SOURCES.txt'
[1.394s] reading manifest file 'slam.egg-info/SOURCES.txt'
[1.395s] writing manifest file 'slam.egg-info/SOURCES.txt'
[1.412s] running build_ext
[1.412s] Creating /home/sunny/robotics/turtlebot3_ws/install/slam/lib/python3.12/site-packages/slam.egg-link (link to .)
[1.412s] Installing slam_node script to /home/sunny/robotics/turtlebot3_ws/install/slam/lib/slam
[1.412s] 
[1.412s] Installed /home/sunny/robotics/turtlebot3_ws/build/slam
[1.412s] running symlink_data
[1.413s] creating /home/sunny/robotics/turtlebot3_ws/install/slam/share/ament_index
[1.413s] creating /home/sunny/robotics/turtlebot3_ws/install/slam/share/ament_index/resource_index
[1.413s] creating /home/sunny/robotics/turtlebot3_ws/install/slam/share/ament_index/resource_index/packages
[1.413s] symbolically linking /home/sunny/robotics/turtlebot3_ws/build/slam/resource/slam -> /home/sunny/robotics/turtlebot3_ws/install/slam/share/ament_index/resource_index/packages
[1.413s] symbolically linking /home/sunny/robotics/turtlebot3_ws/build/slam/package.xml -> /home/sunny/robotics/turtlebot3_ws/install/slam/share/slam
[1.433s] Invoked command in '/home/sunny/robotics/turtlebot3_ws/build/slam' returned '0': PYTHONPATH=/home/sunny/robotics/turtlebot3_ws/build/slam/prefix_override:/usr/lib/python3/dist-packages/colcon_core/task/python/colcon_distutils_commands:/home/sunny/robotics/turtlebot3_ws/install/slam/lib/python3.12/site-packages:${PYTHONPATH} /usr/bin/python3 -W ignore:setup.py install is deprecated -W ignore:easy_install command is deprecated setup.py develop --editable --build-directory /home/sunny/robotics/turtlebot3_ws/build/slam/build --no-deps symlink_data
