[0.033s] Invoking command in '/home/sunny/robotics/turtlebot3_ws/build/turtlebot3_gazebo': CMAKE_PREFIX_PATH=${CMAKE_PREFIX_PATH}:/home/sunny/robotics/turtlebot3_ws/install/turtlebot3_teleop:/home/sunny/robotics/turtlebot3_ws/install/turtlebot3_example:/home/sunny/robotics/turtlebot3_ws/install/slam:/opt/ros/jazzy /usr/bin/cmake /home/sunny/robotics/turtlebot3_ws/src/turtlebot3_simulations/turtlebot3_gazebo -DAMENT_CMAKE_SYMLINK_INSTALL=1 -DCMAKE_INSTALL_PREFIX=/home/sunny/robotics/turtlebot3_ws/install/turtlebot3_gazebo
[0.208s] -- The C compiler identification is GNU 13.3.0
[0.817s] -- The CXX compiler identification is GNU 13.3.0
[1.391s] -- Detecting C compiler ABI info
[1.677s] -- Detecting C compiler ABI info - done
[1.682s] -- Check for working C compiler: /usr/bin/cc - skipped
[1.683s] -- Detecting C compile features
[1.683s] -- Detecting C compile features - done
[1.796s] -- Detecting CXX compiler ABI info
[2.089s] -- Detecting CXX compiler ABI info - done
[2.099s] -- Check for working CXX compiler: /usr/bin/c++ - skipped
[2.099s] -- Detecting CXX compile features
[2.099s] -- Detecting CXX compile features - done
[2.102s] -- Found ament_cmake: 2.5.6 (/opt/ros/jazzy/share/ament_cmake/cmake)
[2.227s] -- Found Python3: /usr/bin/python3 (found version "3.12.3") found components: Interpreter 
[2.286s] -- Override CMake install command with custom implementation using symlinks instead of copying resources
[2.321s] -- Found ros_gz_sim: 1.0.22 (/opt/ros/jazzy/share/ros_gz_sim/cmake)
[2.572s] -- Found rosidl_generator_c: 4.6.9 (/opt/ros/jazzy/share/rosidl_generator_c/cmake)
[2.617s] -- Found rosidl_generator_cpp: 4.6.9 (/opt/ros/jazzy/share/rosidl_generator_cpp/cmake)
[2.660s] -- Using all available rosidl_typesupport_c: rosidl_typesupport_fastrtps_c;rosidl_typesupport_introspection_c
[2.692s] -- Using all available rosidl_typesupport_cpp: rosidl_typesupport_fastrtps_cpp;rosidl_typesupport_introspection_cpp
[2.806s] -- Found rmw_implementation_cmake: 7.3.3 (/opt/ros/jazzy/share/rmw_implementation_cmake/cmake)
[2.812s] -- Found rmw_fastrtps_cpp: 8.4.4 (/opt/ros/jazzy/share/rmw_fastrtps_cpp/cmake)
[2.914s] -- Found OpenSSL: /usr/lib/x86_64-linux-gnu/libcrypto.so (found version "3.0.13")  
[3.160s] -- Found FastRTPS: /opt/ros/jazzy/include (Required is at least version "2.13") 
[3.282s] -- Using RMW implementation 'rmw_fastrtps_cpp' as default
[3.640s] -- Found nav_msgs: 5.3.8 (/opt/ros/jazzy/share/nav_msgs/cmake)
[3.664s] -- Found sensor_msgs: 5.3.8 (/opt/ros/jazzy/share/sensor_msgs/cmake)
[3.684s] -- Found gz_math_vendor: 0.0.9 (/opt/ros/jazzy/share/gz_math_vendor/cmake)
[3.692s] -- Looking for gz-math7 -- found version 7.6.0
[3.697s] -- Searching for dependencies of gz-math7
[3.698s] -- Looking for gz-utils2 -- found version 2.2.1
[3.699s] -- Searching for dependencies of gz-utils2
[3.701s] -- Found gz_sim_vendor: 0.0.10 (/opt/ros/jazzy/share/gz_sim_vendor/cmake)
[3.745s] -- Looking for gz-sim8 -- found version 8.11.0
[3.746s] -- Searching for dependencies of gz-sim8
[3.747s] -- Looking for sdformat14 -- found version 14.9.0
[3.747s] -- Searching for dependencies of sdformat14
[3.751s] -- Checking for module 'tinyxml2'
[3.763s] --   Found tinyxml2, version 10.0.0
[3.789s] -- Looking for gz-math7 -- found version 7.6.0
[3.790s] -- Looking for gz-utils2 -- found version 2.2.1
[3.790s] -- Searching for dependencies of gz-utils2
[3.790s] -- Searching for <gz-utils2> component [cli]
[3.791s] -- Looking for gz-utils2-cli -- found version 2.2.1
[3.792s] -- Searching for dependencies of gz-utils2-cli
[3.794s] -- Looking for gz-plugin2 -- found version 2.0.4
[3.794s] -- Searching for dependencies of gz-plugin2
[3.794s] -- Looking for gz-utils2 -- found version 2.2.1
[3.794s] -- Searching for <gz-plugin2> component [loader]
[3.796s] -- Looking for gz-plugin2-loader -- found version 2.0.4
[3.796s] -- Searching for dependencies of gz-plugin2-loader
[3.797s] -- Searching for <gz-plugin2> component [register]
[3.799s] -- Looking for gz-plugin2-register -- found version 2.0.4
[3.799s] -- Searching for dependencies of gz-plugin2-register
[3.800s] -- Looking for gz-transport13 -- found version 13.5.0
[3.800s] -- Searching for dependencies of gz-transport13
[5.780s] -- Found Protobuf: /usr/lib/x86_64-linux-gnu/libprotobuf.so (found version "3.21.12") 
[7.081s] -- Config-file not installed for ZeroMQ -- checking for pkg-config
[7.088s] -- Checking for module 'libzmq >= 4'
[7.126s] --   Found libzmq, version 4.3.5
[7.215s] -- Found ZeroMQ: TRUE (Required is at least version "4") 
[7.282s] -- Checking for module 'uuid'
[7.301s] --   Found uuid, version 2.39.3
[7.369s] -- Found UUID: TRUE  
[7.369s] -- Looking for gz-utils2 -- found version 2.2.1
[7.376s] -- Looking for gz-msgs10 -- found version 10.3.2
[7.376s] -- Searching for dependencies of gz-msgs10
[8.606s] -- Looking for gz-utils2 -- found version 2.2.1
[8.606s] -- Looking for gz-math7 -- found version 7.6.0
[8.611s] -- Searching for <gz-transport13> component [log]
[8.613s] -- Looking for gz-transport13-log -- found version 13.5.0
[8.613s] -- Searching for dependencies of gz-transport13-log
[8.613s] -- Searching for <gz-transport13> component [parameters]
[8.614s] -- Looking for gz-transport13-parameters -- found version 13.5.0
[8.614s] -- Searching for dependencies of gz-transport13-parameters
[8.615s] -- Looking for gz-msgs10 -- found version 10.3.2
[8.616s] -- Looking for gz-common5 -- found version 5.8.0
[8.617s] -- Searching for dependencies of gz-common5
[8.617s] -- Looking for gz-utils2 -- found version 2.2.1
[8.655s] -- Looking for dlfcn.h - found
[8.697s] -- Looking for libdl - found
[8.698s] -- Found DL: TRUE  
[8.703s] -- Searching for <gz-common5> component [av]
[8.704s] -- Looking for gz-common5-av -- found version 5.8.0
[8.704s] -- Searching for dependencies of gz-common5-av
[8.708s] -- Checking for module 'libswscale'
[8.720s] --   Found libswscale, version 7.5.100
[8.758s] -- Found SWSCALE: TRUE  
[8.762s] -- Checking for module 'libavdevice >= 56.4.100'
[8.781s] --   Found libavdevice, version 60.3.100
[8.825s] -- Found AVDEVICE: TRUE (Required is at least version "56.4.100") 
[8.830s] -- Checking for module 'libavformat'
[8.846s] --   Found libavformat, version 60.16.100
[8.881s] -- Found AVFORMAT: TRUE  
[8.886s] -- Checking for module 'libavcodec'
[8.902s] --   Found libavcodec, version 60.31.102
[8.932s] -- Found AVCODEC: TRUE  
[8.937s] -- Checking for module 'libavutil'
[8.950s] --   Found libavutil, version 58.29.100
[8.976s] -- Found AVUTIL: TRUE  
[8.977s] -- Searching for <gz-common5> component [events]
[8.979s] -- Looking for gz-common5-events -- found version 5.8.0
[8.979s] -- Searching for dependencies of gz-common5-events
[8.979s] -- Looking for gz-math7 -- found version 7.6.0
[8.979s] -- Searching for <gz-common5> component [graphics]
[8.981s] -- Looking for gz-common5-graphics -- found version 5.8.0
[8.981s] -- Searching for dependencies of gz-common5-graphics
[8.981s] -- Looking for gz-math7 -- found version 7.6.0
[8.985s] -- Found GzAssimp: TRUE (found version "5.3.0") 
[8.986s] -- Searching for <gz-common5> component [io]
[8.989s] -- Looking for gz-common5-io -- found version 5.8.0
[8.989s] -- Searching for dependencies of gz-common5-io
[8.989s] -- Searching for <gz-common5> component [profiler]
[8.991s] -- Looking for gz-common5-profiler -- found version 5.8.0
[8.991s] -- Searching for dependencies of gz-common5-profiler
[8.993s] -- Looking for gz-fuel_tools9 -- found version 9.1.1
[8.993s] -- Searching for dependencies of gz-fuel_tools9
[10.159s] -- Found CURL: /usr/lib/x86_64-linux-gnu/libcurl.so (found version "8.5.0")  
[10.167s] -- Checking for module 'jsoncpp'
[10.183s] --   Found jsoncpp, version 1.9.5
[10.211s] -- Found JSONCPP: TRUE  
[11.230s] -- Checking for module 'yaml-0.1'
[11.246s] --   Found yaml-0.1, version 0.2.5
[11.270s] -- Found YAML: TRUE  
[11.275s] -- Checking for module 'libzip'
[11.289s] --   Found libzip, version 1.7.3
[11.310s] -- Found ZIP: TRUE  
[11.311s] -- Looking for gz-utils2 -- found version 2.2.1
[11.311s] -- Looking for gz-common5 -- found version 5.8.0
[11.311s] -- Searching for dependencies of gz-common5
[11.312s] -- Looking for gz-utils2 -- found version 2.2.1
[11.312s] -- Looking for dlfcn.h - found
[11.312s] -- Looking for libdl - found
[11.316s] -- Searching for <gz-common5> component [testing]
[11.318s] -- Looking for gz-common5-testing -- found version 5.8.0
[11.318s] -- Searching for dependencies of gz-common5-testing
[11.319s] -- Looking for gz-math7 -- found version 7.6.0
[11.319s] -- Looking for gz-msgs10 -- found version 10.3.2
[11.321s] -- Looking for gz-gui8 -- found version 8.4.0
[11.321s] -- Searching for dependencies of gz-gui8
[12.360s] -- Looking for gz-utils2 -- found version 2.2.1
[12.360s] -- Looking for gz-math7 -- found version 7.6.0
[12.360s] -- Looking for gz-common5 -- found version 5.8.0
[12.360s] -- Looking for gz-plugin2 -- found version 2.0.4
[12.361s] -- Looking for gz-transport13 -- found version 13.5.0
[12.362s] -- Looking for gz-rendering8 -- found version 8.2.3
[12.362s] -- Searching for dependencies of gz-rendering8
[12.362s] -- Looking for gz-math7 -- found version 7.6.0
[12.363s] -- Searching for dependencies of gz-math7
[12.363s] -- Looking for gz-utils2 -- found version 2.2.1
[12.363s] -- Searching for <gz-math7> component [eigen3]
[12.365s] -- Looking for gz-math7-eigen3 -- found version 7.6.0
[12.365s] -- Searching for dependencies of gz-math7-eigen3
[12.371s] -- Looking for gz-common5 -- found version 5.8.0
[12.371s] -- Searching for dependencies of gz-common5
[12.371s] -- Looking for gz-utils2 -- found version 2.2.1
[12.372s] -- Looking for dlfcn.h - found
[12.372s] -- Looking for libdl - found
[12.377s] -- Searching for <gz-common5> component [graphics]
[12.377s] -- Searching for <gz-common5> component [events]
[12.377s] -- Searching for <gz-common5> component [geospatial]
[12.380s] -- Looking for gz-common5-geospatial -- found version 5.8.0
[12.380s] -- Searching for dependencies of gz-common5-geospatial
[12.380s] -- Looking for gz-math7 -- found version 7.6.0
[12.381s] -- Looking for gz-common5 -- found version 5.8.0
[12.382s] -- Looking for gz-plugin2 -- found version 2.0.4
[12.382s] -- Searching for dependencies of gz-plugin2
[12.382s] -- Looking for gz-utils2 -- found version 2.2.1
[12.382s] -- Searching for <gz-plugin2> component [all]
[12.384s] -- Looking for all libraries of gz-plugin2 -- found version 2.0.4
[12.385s] -- Looking for gz-plugin2 -- found version 2.0.4
[12.385s] -- Looking for gz-utils2 -- found version 2.2.1
[13.020s] -- Found OpenGL: /usr/lib/x86_64-linux-gnu/libOpenGL.so  found components: OpenGL 
[13.021s] -- Looking for gz-msgs10 -- found version 10.3.2
[13.125s] -- Looking for gz-physics7 -- found version 7.6.0
[13.125s] -- Searching for dependencies of gz-physics7
[13.125s] -- Looking for gz-common5 -- found version 5.8.0
[13.125s] -- Looking for gz-math7 -- found version 7.6.0
[13.125s] -- Looking for gz-plugin2 -- found version 2.0.4
[13.126s] -- Looking for gz-utils2 -- found version 2.2.1
[13.127s] -- Searching for <gz-physics7> component [heightmap]
[13.128s] -- Looking for gz-physics7-heightmap -- found version 7.6.0
[13.128s] -- Searching for dependencies of gz-physics7-heightmap
[13.128s] -- Looking for gz-common5 -- found version 5.8.0
[13.129s] -- Searching for <gz-physics7> component [mesh]
[13.130s] -- Looking for gz-physics7-mesh -- found version 7.6.0
[13.130s] -- Searching for dependencies of gz-physics7-mesh
[13.130s] -- Looking for gz-common5 -- found version 5.8.0
[13.131s] -- Searching for <gz-physics7> component [sdf]
[13.132s] -- Looking for gz-physics7-sdf -- found version 7.6.0
[13.132s] -- Searching for dependencies of gz-physics7-sdf
[13.132s] -- Looking for sdformat14 -- found version 14.9.0
[13.136s] -- Looking for gz-sensors8 -- found version 8.2.2
[13.136s] -- Searching for dependencies of gz-sensors8
[14.201s] -- Looking for gz-math7 -- found version 7.6.0
[14.202s] -- Looking for gz-common5 -- found version 5.8.0
[14.202s] -- Looking for gz-transport13 -- found version 13.5.0
[14.202s] -- Looking for gz-rendering8 -- found version 8.2.3
[14.203s] -- Looking for gz-msgs10 -- found version 10.3.2
[14.203s] -- Looking for sdformat14 -- found version 14.9.0
[14.203s] -- Searching for <gz-sensors8> component [air_pressure]
[14.205s] -- Looking for gz-sensors8-air_pressure -- found version 8.2.2
[14.205s] -- Searching for dependencies of gz-sensors8-air_pressure
[14.205s] -- Searching for <gz-sensors8> component [air_speed]
[14.207s] -- Looking for gz-sensors8-air_speed -- found version 8.2.2
[14.207s] -- Searching for dependencies of gz-sensors8-air_speed
[14.207s] -- Searching for <gz-sensors8> component [altimeter]
[14.209s] -- Looking for gz-sensors8-altimeter -- found version 8.2.2
[14.209s] -- Searching for dependencies of gz-sensors8-altimeter
[14.209s] -- Searching for <gz-sensors8> component [imu]
[14.210s] -- Looking for gz-sensors8-imu -- found version 8.2.2
[14.210s] -- Searching for dependencies of gz-sensors8-imu
[14.211s] -- Searching for <gz-sensors8> component [force_torque]
[14.212s] -- Looking for gz-sensors8-force_torque -- found version 8.2.2
[14.212s] -- Searching for dependencies of gz-sensors8-force_torque
[14.212s] -- Searching for <gz-sensors8> component [logical_camera]
[14.213s] -- Looking for gz-sensors8-logical_camera -- found version 8.2.2
[14.213s] -- Searching for dependencies of gz-sensors8-logical_camera
[14.214s] -- Searching for <gz-sensors8> component [magnetometer]
[14.215s] -- Looking for gz-sensors8-magnetometer -- found version 8.2.2
[14.215s] -- Searching for dependencies of gz-sensors8-magnetometer
[14.215s] -- Searching for <gz-sensors8> component [navsat]
[14.217s] -- Looking for gz-sensors8-navsat -- found version 8.2.2
[14.217s] -- Searching for dependencies of gz-sensors8-navsat
[14.217s] -- Searching for <gz-sensors8> component [dvl]
[14.218s] -- Looking for gz-sensors8-dvl -- found version 8.2.2
[14.218s] -- Searching for dependencies of gz-sensors8-dvl
[14.219s] -- Looking for gz-sensors8 -- found version 8.2.2
[14.219s] -- Searching for dependencies of gz-sensors8
[15.517s] -- Looking for gz-math7 -- found version 7.6.0
[15.517s] -- Looking for gz-common5 -- found version 5.8.0
[15.517s] -- Looking for gz-transport13 -- found version 13.5.0
[15.520s] -- Looking for gz-rendering8 -- found version 8.2.3
[15.520s] -- Looking for gz-msgs10 -- found version 10.3.2
[15.520s] -- Looking for sdformat14 -- found version 14.9.0
[15.520s] -- Searching for <gz-sensors8> component [rendering]
[15.520s] -- Looking for gz-sensors8-rendering -- found version 8.2.2
[15.520s] -- Searching for dependencies of gz-sensors8-rendering
[15.522s] -- Searching for <gz-sensors8> component [rendering]
[15.522s] -- Searching for <gz-sensors8> component [lidar]
[15.523s] -- Looking for gz-sensors8-lidar -- found version 8.2.2
[15.523s] -- Searching for dependencies of gz-sensors8-lidar
[15.523s] -- Looking for gz-sensors8 -- found version 8.2.2
[15.524s] -- Searching for <gz-sensors8> component [gpu_lidar]
[15.526s] -- Looking for gz-sensors8-gpu_lidar -- found version 8.2.2
[15.526s] -- Searching for dependencies of gz-sensors8-gpu_lidar
[15.527s] -- Looking for gz-sensors8 -- found version 8.2.2
[15.528s] -- Searching for <gz-sensors8> component [camera]
[15.530s] -- Looking for gz-sensors8-camera -- found version 8.2.2
[15.530s] -- Searching for dependencies of gz-sensors8-camera
[15.531s] -- Looking for gz-sensors8 -- found version 8.2.2
[15.532s] -- Searching for <gz-sensors8> component [boundingbox_camera]
[15.534s] -- Looking for gz-sensors8-boundingbox_camera -- found version 8.2.2
[15.535s] -- Searching for dependencies of gz-sensors8-boundingbox_camera
[15.535s] -- Searching for <gz-sensors8> component [segmentation_camera]
[15.537s] -- Looking for gz-sensors8-segmentation_camera -- found version 8.2.2
[15.538s] -- Searching for dependencies of gz-sensors8-segmentation_camera
[15.538s] -- Searching for <gz-sensors8> component [depth_camera]
[15.541s] -- Looking for gz-sensors8-depth_camera -- found version 8.2.2
[15.541s] -- Searching for dependencies of gz-sensors8-depth_camera
[15.541s] -- Looking for gz-sensors8 -- found version 8.2.2
[15.542s] -- Searching for <gz-sensors8> component [rgbd_camera]
[15.544s] -- Looking for gz-sensors8-rgbd_camera -- found version 8.2.2
[15.544s] -- Searching for dependencies of gz-sensors8-rgbd_camera
[15.545s] -- Looking for gz-sensors8 -- found version 8.2.2
[15.546s] -- Searching for <gz-sensors8> component [thermal_camera]
[15.548s] -- Looking for gz-sensors8-thermal_camera -- found version 8.2.2
[15.548s] -- Searching for dependencies of gz-sensors8-thermal_camera
[15.549s] -- Looking for gz-sensors8 -- found version 8.2.2
[15.552s] -- Searching for <gz-sensors8> component [wide_angle_camera]
[15.552s] -- Looking for gz-sensors8-wide_angle_camera -- found version 8.2.2
[15.552s] -- Searching for dependencies of gz-sensors8-wide_angle_camera
[15.554s] -- Looking for gz-rendering8 -- found version 8.2.3
[15.554s] -- Looking for gz-math7 -- found version 7.6.0
[15.554s] -- Looking for gz-utils2 -- found version 2.2.1
[17.004s] -- Looking for gz-plugin2 -- found version 2.0.4
[17.115s] -- Configuring done (17.1s)
[17.151s] -- Generating done (0.0s)
[17.161s] -- Build files have been written to: /home/sunny/robotics/turtlebot3_ws/build/turtlebot3_gazebo
[17.183s] Invoked command in '/home/sunny/robotics/turtlebot3_ws/build/turtlebot3_gazebo' returned '0': CMAKE_PREFIX_PATH=${CMAKE_PREFIX_PATH}:/home/sunny/robotics/turtlebot3_ws/install/turtlebot3_teleop:/home/sunny/robotics/turtlebot3_ws/install/turtlebot3_example:/home/sunny/robotics/turtlebot3_ws/install/slam:/opt/ros/jazzy /usr/bin/cmake /home/sunny/robotics/turtlebot3_ws/src/turtlebot3_simulations/turtlebot3_gazebo -DAMENT_CMAKE_SYMLINK_INSTALL=1 -DCMAKE_INSTALL_PREFIX=/home/sunny/robotics/turtlebot3_ws/install/turtlebot3_gazebo
[17.185s] Invoking command in '/home/sunny/robotics/turtlebot3_ws/build/turtlebot3_gazebo': CMAKE_PREFIX_PATH=${CMAKE_PREFIX_PATH}:/home/sunny/robotics/turtlebot3_ws/install/turtlebot3_teleop:/home/sunny/robotics/turtlebot3_ws/install/turtlebot3_example:/home/sunny/robotics/turtlebot3_ws/install/slam:/opt/ros/jazzy /usr/bin/cmake --build /home/sunny/robotics/turtlebot3_ws/build/turtlebot3_gazebo -- -j20 -l20
[17.240s] [ 25%] [32mBuilding CXX object CMakeFiles/turtlebot3_drive.dir/src/turtlebot3_drive.cpp.o[0m
[17.240s] [ 25%] [32mBuilding CXX object CMakeFiles/obstacles.dir/src/obstacles.cpp.o[0m
[17.245s] [ 37%] [32mBuilding CXX object CMakeFiles/obstacle2.dir/src/obstacle2.cpp.o[0m
[17.248s] [ 50%] [32mBuilding CXX object CMakeFiles/obstacle1.dir/src/obstacle1.cpp.o[0m
[19.436s] [ 62%] [32m[1mLinking CXX shared library libobstacle1.so[0m
[19.508s] [ 75%] [32m[1mLinking CXX shared library libobstacle2.so[0m
[19.739s] [ 75%] Built target obstacle1
[19.745s] [ 87%] [32m[1mLinking CXX shared library libobstacles.so[0m
[19.787s] [ 87%] Built target obstacle2
[19.995s] [ 87%] Built target obstacles
[25.167s] [100%] [32m[1mLinking CXX executable turtlebot3_drive[0m
[25.502s] [100%] Built target turtlebot3_drive
[25.509s] Invoked command in '/home/sunny/robotics/turtlebot3_ws/build/turtlebot3_gazebo' returned '0': CMAKE_PREFIX_PATH=${CMAKE_PREFIX_PATH}:/home/sunny/robotics/turtlebot3_ws/install/turtlebot3_teleop:/home/sunny/robotics/turtlebot3_ws/install/turtlebot3_example:/home/sunny/robotics/turtlebot3_ws/install/slam:/opt/ros/jazzy /usr/bin/cmake --build /home/sunny/robotics/turtlebot3_ws/build/turtlebot3_gazebo -- -j20 -l20
[25.510s] Invoking command in '/home/sunny/robotics/turtlebot3_ws/build/turtlebot3_gazebo': CMAKE_PREFIX_PATH=${CMAKE_PREFIX_PATH}:/home/sunny/robotics/turtlebot3_ws/install/turtlebot3_teleop:/home/sunny/robotics/turtlebot3_ws/install/turtlebot3_example:/home/sunny/robotics/turtlebot3_ws/install/slam:/opt/ros/jazzy /usr/bin/cmake --install /home/sunny/robotics/turtlebot3_ws/build/turtlebot3_gazebo
[25.515s] -- Install configuration: ""
[25.515s] -- Execute custom install script
[25.515s] -- Symlinking: /home/sunny/robotics/turtlebot3_ws/install/turtlebot3_gazebo/lib/turtlebot3_gazebo/turtlebot3_drive
[25.521s] -- Symlinking: /home/sunny/robotics/turtlebot3_ws/install/turtlebot3_gazebo/lib/turtlebot3_gazebo/libobstacles.so
[25.527s] -- Symlinking: /home/sunny/robotics/turtlebot3_ws/install/turtlebot3_gazebo/lib/turtlebot3_gazebo/libobstacle1.so
[25.532s] -- Symlinking: /home/sunny/robotics/turtlebot3_ws/install/turtlebot3_gazebo/lib/turtlebot3_gazebo/libobstacle2.so
[25.539s] -- Symlinking: /home/sunny/robotics/turtlebot3_ws/install/turtlebot3_gazebo/share/turtlebot3_gazebo//launch/empty_world.launch.py
[25.544s] -- Symlinking: /home/sunny/robotics/turtlebot3_ws/install/turtlebot3_gazebo/share/turtlebot3_gazebo//launch/robot_state_publisher.launch.py
[25.550s] -- Symlinking: /home/sunny/robotics/turtlebot3_ws/install/turtlebot3_gazebo/share/turtlebot3_gazebo//launch/spawn_turtlebot3.launch.py
[25.555s] -- Symlinking: /home/sunny/robotics/turtlebot3_ws/install/turtlebot3_gazebo/share/turtlebot3_gazebo//launch/turtlebot3_dqn_stage1.launch.py
[25.560s] -- Symlinking: /home/sunny/robotics/turtlebot3_ws/install/turtlebot3_gazebo/share/turtlebot3_gazebo//launch/turtlebot3_dqn_stage2.launch.py
[25.566s] -- Symlinking: /home/sunny/robotics/turtlebot3_ws/install/turtlebot3_gazebo/share/turtlebot3_gazebo//launch/turtlebot3_dqn_stage3.launch.py
[25.572s] -- Symlinking: /home/sunny/robotics/turtlebot3_ws/install/turtlebot3_gazebo/share/turtlebot3_gazebo//launch/turtlebot3_dqn_stage4.launch.py
[25.578s] -- Symlinking: /home/sunny/robotics/turtlebot3_ws/install/turtlebot3_gazebo/share/turtlebot3_gazebo//launch/turtlebot3_house.launch.py
[25.583s] -- Symlinking: /home/sunny/robotics/turtlebot3_ws/install/turtlebot3_gazebo/share/turtlebot3_gazebo//launch/turtlebot3_world.launch.py
[25.590s] -- Symlinking: /home/sunny/robotics/turtlebot3_ws/install/turtlebot3_gazebo/share/turtlebot3_gazebo//models/turtlebot3_burger/model-1_4.sdf
[25.596s] -- Symlinking: /home/sunny/robotics/turtlebot3_ws/install/turtlebot3_gazebo/share/turtlebot3_gazebo//models/turtlebot3_burger/model.config
[25.601s] -- Symlinking: /home/sunny/robotics/turtlebot3_ws/install/turtlebot3_gazebo/share/turtlebot3_gazebo//models/turtlebot3_burger/model.sdf
[25.607s] -- Symlinking: /home/sunny/robotics/turtlebot3_ws/install/turtlebot3_gazebo/share/turtlebot3_gazebo//models/turtlebot3_burger_cam/model-1_4.sdf
[25.613s] -- Symlinking: /home/sunny/robotics/turtlebot3_ws/install/turtlebot3_gazebo/share/turtlebot3_gazebo//models/turtlebot3_burger_cam/model.config
[25.619s] -- Symlinking: /home/sunny/robotics/turtlebot3_ws/install/turtlebot3_gazebo/share/turtlebot3_gazebo//models/turtlebot3_burger_cam/model.sdf
[25.625s] -- Symlinking: /home/sunny/robotics/turtlebot3_ws/install/turtlebot3_gazebo/share/turtlebot3_gazebo//models/turtlebot3_common/meshes/bases/burger_base.stl
[25.631s] -- Symlinking: /home/sunny/robotics/turtlebot3_ws/install/turtlebot3_gazebo/share/turtlebot3_gazebo//models/turtlebot3_common/meshes/bases/waffle_base.stl
[25.636s] -- Symlinking: /home/sunny/robotics/turtlebot3_ws/install/turtlebot3_gazebo/share/turtlebot3_gazebo//models/turtlebot3_common/meshes/bases/waffle_pi_base.stl
[25.642s] -- Symlinking: /home/sunny/robotics/turtlebot3_ws/install/turtlebot3_gazebo/share/turtlebot3_gazebo//models/turtlebot3_common/meshes/burger_base.dae
[25.647s] -- Symlinking: /home/sunny/robotics/turtlebot3_ws/install/turtlebot3_gazebo/share/turtlebot3_gazebo//models/turtlebot3_common/meshes/lds.dae
[25.653s] -- Symlinking: /home/sunny/robotics/turtlebot3_ws/install/turtlebot3_gazebo/share/turtlebot3_gazebo//models/turtlebot3_common/meshes/r200.dae
[25.658s] -- Symlinking: /home/sunny/robotics/turtlebot3_ws/install/turtlebot3_gazebo/share/turtlebot3_gazebo//models/turtlebot3_common/meshes/sensors/astra.dae
[25.664s] -- Symlinking: /home/sunny/robotics/turtlebot3_ws/install/turtlebot3_gazebo/share/turtlebot3_gazebo//models/turtlebot3_common/meshes/sensors/astra.jpg
[25.670s] -- Symlinking: /home/sunny/robotics/turtlebot3_ws/install/turtlebot3_gazebo/share/turtlebot3_gazebo//models/turtlebot3_common/meshes/sensors/lds.stl
[25.676s] -- Symlinking: /home/sunny/robotics/turtlebot3_ws/install/turtlebot3_gazebo/share/turtlebot3_gazebo//models/turtlebot3_common/meshes/sensors/r200.dae
[25.681s] -- Symlinking: /home/sunny/robotics/turtlebot3_ws/install/turtlebot3_gazebo/share/turtlebot3_gazebo//models/turtlebot3_common/meshes/sensors/r200.jpg
[25.687s] -- Symlinking: /home/sunny/robotics/turtlebot3_ws/install/turtlebot3_gazebo/share/turtlebot3_gazebo//models/turtlebot3_common/meshes/tire.dae
[25.693s] -- Symlinking: /home/sunny/robotics/turtlebot3_ws/install/turtlebot3_gazebo/share/turtlebot3_gazebo//models/turtlebot3_common/meshes/waffle_base.dae
[25.698s] -- Symlinking: /home/sunny/robotics/turtlebot3_ws/install/turtlebot3_gazebo/share/turtlebot3_gazebo//models/turtlebot3_common/meshes/waffle_pi_base.dae
[25.704s] -- Symlinking: /home/sunny/robotics/turtlebot3_ws/install/turtlebot3_gazebo/share/turtlebot3_gazebo//models/turtlebot3_common/meshes/wheels/left_tire.stl
[25.709s] -- Symlinking: /home/sunny/robotics/turtlebot3_ws/install/turtlebot3_gazebo/share/turtlebot3_gazebo//models/turtlebot3_common/meshes/wheels/right_tire.stl
[25.715s] -- Symlinking: /home/sunny/robotics/turtlebot3_ws/install/turtlebot3_gazebo/share/turtlebot3_gazebo//models/turtlebot3_common/model.config
[25.721s] -- Symlinking: /home/sunny/robotics/turtlebot3_ws/install/turtlebot3_gazebo/share/turtlebot3_gazebo//models/turtlebot3_dqn_world/goal_box/model.config
[25.727s] -- Symlinking: /home/sunny/robotics/turtlebot3_ws/install/turtlebot3_gazebo/share/turtlebot3_gazebo//models/turtlebot3_dqn_world/goal_box/model.sdf
[25.732s] -- Symlinking: /home/sunny/robotics/turtlebot3_ws/install/turtlebot3_gazebo/share/turtlebot3_gazebo//models/turtlebot3_dqn_world/inner_walls/model.config
[25.738s] -- Symlinking: /home/sunny/robotics/turtlebot3_ws/install/turtlebot3_gazebo/share/turtlebot3_gazebo//models/turtlebot3_dqn_world/inner_walls/model.sdf
[25.745s] -- Symlinking: /home/sunny/robotics/turtlebot3_ws/install/turtlebot3_gazebo/share/turtlebot3_gazebo//models/turtlebot3_dqn_world/inner_walls/textures/wood.png
[25.751s] -- Symlinking: /home/sunny/robotics/turtlebot3_ws/install/turtlebot3_gazebo/share/turtlebot3_gazebo//models/turtlebot3_dqn_world/model.config
[25.757s] -- Symlinking: /home/sunny/robotics/turtlebot3_ws/install/turtlebot3_gazebo/share/turtlebot3_gazebo//models/turtlebot3_dqn_world/model.sdf
[25.764s] -- Symlinking: /home/sunny/robotics/turtlebot3_ws/install/turtlebot3_gazebo/share/turtlebot3_gazebo//models/turtlebot3_dqn_world/obstacle1/model.config
[25.771s] -- Symlinking: /home/sunny/robotics/turtlebot3_ws/install/turtlebot3_gazebo/share/turtlebot3_gazebo//models/turtlebot3_dqn_world/obstacle1/model.sdf
[25.777s] -- Symlinking: /home/sunny/robotics/turtlebot3_ws/install/turtlebot3_gazebo/share/turtlebot3_gazebo//models/turtlebot3_dqn_world/obstacle2/model.config
[25.784s] -- Symlinking: /home/sunny/robotics/turtlebot3_ws/install/turtlebot3_gazebo/share/turtlebot3_gazebo//models/turtlebot3_dqn_world/obstacle2/model.sdf
[25.790s] -- Symlinking: /home/sunny/robotics/turtlebot3_ws/install/turtlebot3_gazebo/share/turtlebot3_gazebo//models/turtlebot3_dqn_world/obstacles/model.config
[25.796s] -- Symlinking: /home/sunny/robotics/turtlebot3_ws/install/turtlebot3_gazebo/share/turtlebot3_gazebo//models/turtlebot3_dqn_world/obstacles/model.sdf
[25.801s] -- Symlinking: /home/sunny/robotics/turtlebot3_ws/install/turtlebot3_gazebo/share/turtlebot3_gazebo//models/turtlebot3_dqn_world/textures/wood.png
[25.807s] -- Symlinking: /home/sunny/robotics/turtlebot3_ws/install/turtlebot3_gazebo/share/turtlebot3_gazebo//models/turtlebot3_house/cafe_table/materials/textures/Maple.jpg
[25.813s] -- Symlinking: /home/sunny/robotics/turtlebot3_ws/install/turtlebot3_gazebo/share/turtlebot3_gazebo//models/turtlebot3_house/cafe_table/materials/textures/Wood_Floor_Dark.jpg
[25.819s] -- Symlinking: /home/sunny/robotics/turtlebot3_ws/install/turtlebot3_gazebo/share/turtlebot3_gazebo//models/turtlebot3_house/cafe_table/meshes/cafe_table.dae
[25.825s] -- Symlinking: /home/sunny/robotics/turtlebot3_ws/install/turtlebot3_gazebo/share/turtlebot3_gazebo//models/turtlebot3_house/cafe_table/model-1_4.sdf
[25.830s] -- Symlinking: /home/sunny/robotics/turtlebot3_ws/install/turtlebot3_gazebo/share/turtlebot3_gazebo//models/turtlebot3_house/cafe_table/model.config
[25.837s] -- Symlinking: /home/sunny/robotics/turtlebot3_ws/install/turtlebot3_gazebo/share/turtlebot3_gazebo//models/turtlebot3_house/cafe_table/model.sdf
[25.843s] -- Symlinking: /home/sunny/robotics/turtlebot3_ws/install/turtlebot3_gazebo/share/turtlebot3_gazebo//models/turtlebot3_house/first_2015_trash_can/meshes/trash_can.dae
[25.849s] -- Symlinking: /home/sunny/robotics/turtlebot3_ws/install/turtlebot3_gazebo/share/turtlebot3_gazebo//models/turtlebot3_house/first_2015_trash_can/model.config
[25.855s] -- Symlinking: /home/sunny/robotics/turtlebot3_ws/install/turtlebot3_gazebo/share/turtlebot3_gazebo//models/turtlebot3_house/first_2015_trash_can/model.sdf
[25.861s] -- Symlinking: /home/sunny/robotics/turtlebot3_ws/install/turtlebot3_gazebo/share/turtlebot3_gazebo//models/turtlebot3_house/mailbox/materials/scripts/mailbox.material
[25.867s] -- Symlinking: /home/sunny/robotics/turtlebot3_ws/install/turtlebot3_gazebo/share/turtlebot3_gazebo//models/turtlebot3_house/mailbox/materials/textures/Mailbox_Diffuse.png
[25.873s] -- Symlinking: /home/sunny/robotics/turtlebot3_ws/install/turtlebot3_gazebo/share/turtlebot3_gazebo//models/turtlebot3_house/mailbox/materials/textures/Mailbox_Diffuse.tga.orig
[25.880s] -- Symlinking: /home/sunny/robotics/turtlebot3_ws/install/turtlebot3_gazebo/share/turtlebot3_gazebo//models/turtlebot3_house/mailbox/materials/textures/Mailbox_Spec.png
[25.885s] -- Symlinking: /home/sunny/robotics/turtlebot3_ws/install/turtlebot3_gazebo/share/turtlebot3_gazebo//models/turtlebot3_house/mailbox/meshes/mailbox.dae
[25.891s] -- Symlinking: /home/sunny/robotics/turtlebot3_ws/install/turtlebot3_gazebo/share/turtlebot3_gazebo//models/turtlebot3_house/mailbox/model-1_3.sdf
[25.896s] -- Symlinking: /home/sunny/robotics/turtlebot3_ws/install/turtlebot3_gazebo/share/turtlebot3_gazebo//models/turtlebot3_house/mailbox/model-1_4.sdf
[25.901s] -- Symlinking: /home/sunny/robotics/turtlebot3_ws/install/turtlebot3_gazebo/share/turtlebot3_gazebo//models/turtlebot3_house/mailbox/model.config
[25.907s] -- Symlinking: /home/sunny/robotics/turtlebot3_ws/install/turtlebot3_gazebo/share/turtlebot3_gazebo//models/turtlebot3_house/mailbox/model.sdf
[25.913s] -- Symlinking: /home/sunny/robotics/turtlebot3_ws/install/turtlebot3_gazebo/share/turtlebot3_gazebo//models/turtlebot3_house/model.config
[25.919s] -- Symlinking: /home/sunny/robotics/turtlebot3_ws/install/turtlebot3_gazebo/share/turtlebot3_gazebo//models/turtlebot3_house/model.sdf
[25.925s] -- Symlinking: /home/sunny/robotics/turtlebot3_ws/install/turtlebot3_gazebo/share/turtlebot3_gazebo//models/turtlebot3_house/table_marble/materials/scripts/table_lightmap.material
[25.931s] -- Symlinking: /home/sunny/robotics/turtlebot3_ws/install/turtlebot3_gazebo/share/turtlebot3_gazebo//models/turtlebot3_house/table_marble/materials/textures/marble.png
[25.937s] -- Symlinking: /home/sunny/robotics/turtlebot3_ws/install/turtlebot3_gazebo/share/turtlebot3_gazebo//models/turtlebot3_house/table_marble/materials/textures/table_lightmap.png
[25.943s] -- Symlinking: /home/sunny/robotics/turtlebot3_ws/install/turtlebot3_gazebo/share/turtlebot3_gazebo//models/turtlebot3_house/table_marble/meshes/table_lightmap.dae
[25.949s] -- Symlinking: /home/sunny/robotics/turtlebot3_ws/install/turtlebot3_gazebo/share/turtlebot3_gazebo//models/turtlebot3_house/table_marble/model-1_4.sdf
[25.956s] -- Symlinking: /home/sunny/robotics/turtlebot3_ws/install/turtlebot3_gazebo/share/turtlebot3_gazebo//models/turtlebot3_house/table_marble/model.config
[25.963s] -- Symlinking: /home/sunny/robotics/turtlebot3_ws/install/turtlebot3_gazebo/share/turtlebot3_gazebo//models/turtlebot3_house/table_marble/model.sdf
[25.970s] -- Symlinking: /home/sunny/robotics/turtlebot3_ws/install/turtlebot3_gazebo/share/turtlebot3_gazebo//models/turtlebot3_house/textures/bricks.png
[25.977s] -- Symlinking: /home/sunny/robotics/turtlebot3_ws/install/turtlebot3_gazebo/share/turtlebot3_gazebo//models/turtlebot3_house/textures/wood.png
[25.983s] -- Symlinking: /home/sunny/robotics/turtlebot3_ws/install/turtlebot3_gazebo/share/turtlebot3_gazebo//models/turtlebot3_waffle/model-1_4.sdf
[25.989s] -- Symlinking: /home/sunny/robotics/turtlebot3_ws/install/turtlebot3_gazebo/share/turtlebot3_gazebo//models/turtlebot3_waffle/model.config
[25.996s] -- Symlinking: /home/sunny/robotics/turtlebot3_ws/install/turtlebot3_gazebo/share/turtlebot3_gazebo//models/turtlebot3_waffle/model.sdf
[26.002s] -- Symlinking: /home/sunny/robotics/turtlebot3_ws/install/turtlebot3_gazebo/share/turtlebot3_gazebo//models/turtlebot3_waffle_pi/model-1_4_.sdf
[26.009s] -- Symlinking: /home/sunny/robotics/turtlebot3_ws/install/turtlebot3_gazebo/share/turtlebot3_gazebo//models/turtlebot3_waffle_pi/model.config
[26.014s] -- Symlinking: /home/sunny/robotics/turtlebot3_ws/install/turtlebot3_gazebo/share/turtlebot3_gazebo//models/turtlebot3_waffle_pi/model.sdf
[26.020s] -- Symlinking: /home/sunny/robotics/turtlebot3_ws/install/turtlebot3_gazebo/share/turtlebot3_gazebo//models/turtlebot3_world/meshes/hexagon.dae
[26.027s] -- Symlinking: /home/sunny/robotics/turtlebot3_ws/install/turtlebot3_gazebo/share/turtlebot3_gazebo//models/turtlebot3_world/meshes/wall.dae
[26.034s] -- Symlinking: /home/sunny/robotics/turtlebot3_ws/install/turtlebot3_gazebo/share/turtlebot3_gazebo//models/turtlebot3_world/model-1_4.sdf
[26.040s] -- Symlinking: /home/sunny/robotics/turtlebot3_ws/install/turtlebot3_gazebo/share/turtlebot3_gazebo//models/turtlebot3_world/model.config
[26.046s] -- Symlinking: /home/sunny/robotics/turtlebot3_ws/install/turtlebot3_gazebo/share/turtlebot3_gazebo//models/turtlebot3_world/model.sdf
[26.052s] -- Symlinking: /home/sunny/robotics/turtlebot3_ws/install/turtlebot3_gazebo/share/turtlebot3_gazebo//params/turtlebot3_burger_bridge.yaml
[26.058s] -- Symlinking: /home/sunny/robotics/turtlebot3_ws/install/turtlebot3_gazebo/share/turtlebot3_gazebo//params/turtlebot3_burger_cam_bridge.yaml
[26.065s] -- Symlinking: /home/sunny/robotics/turtlebot3_ws/install/turtlebot3_gazebo/share/turtlebot3_gazebo//params/turtlebot3_waffle_bridge.yaml
[26.073s] -- Symlinking: /home/sunny/robotics/turtlebot3_ws/install/turtlebot3_gazebo/share/turtlebot3_gazebo//params/turtlebot3_waffle_pi_bridge.yaml
[26.080s] -- Symlinking: /home/sunny/robotics/turtlebot3_ws/install/turtlebot3_gazebo/share/turtlebot3_gazebo//rviz/tb3_gazebo.rviz
[26.087s] -- Symlinking: /home/sunny/robotics/turtlebot3_ws/install/turtlebot3_gazebo/share/turtlebot3_gazebo//urdf/common_properties.urdf
[26.093s] -- Symlinking: /home/sunny/robotics/turtlebot3_ws/install/turtlebot3_gazebo/share/turtlebot3_gazebo//urdf/turtlebot3_burger.urdf
[26.100s] -- Symlinking: /home/sunny/robotics/turtlebot3_ws/install/turtlebot3_gazebo/share/turtlebot3_gazebo//urdf/turtlebot3_burger_cam.urdf
[26.106s] -- Symlinking: /home/sunny/robotics/turtlebot3_ws/install/turtlebot3_gazebo/share/turtlebot3_gazebo//urdf/turtlebot3_waffle.urdf
[26.112s] -- Symlinking: /home/sunny/robotics/turtlebot3_ws/install/turtlebot3_gazebo/share/turtlebot3_gazebo//urdf/turtlebot3_waffle_pi.urdf
[26.119s] -- Symlinking: /home/sunny/robotics/turtlebot3_ws/install/turtlebot3_gazebo/share/turtlebot3_gazebo//worlds/empty_world.world
[26.126s] -- Symlinking: /home/sunny/robotics/turtlebot3_ws/install/turtlebot3_gazebo/share/turtlebot3_gazebo//worlds/turtlebot3_autorace_2020.world
[26.134s] -- Symlinking: /home/sunny/robotics/turtlebot3_ws/install/turtlebot3_gazebo/share/turtlebot3_gazebo//worlds/turtlebot3_dqn_stage1.world
[26.139s] -- Symlinking: /home/sunny/robotics/turtlebot3_ws/install/turtlebot3_gazebo/share/turtlebot3_gazebo//worlds/turtlebot3_dqn_stage2.world
[26.145s] -- Symlinking: /home/sunny/robotics/turtlebot3_ws/install/turtlebot3_gazebo/share/turtlebot3_gazebo//worlds/turtlebot3_dqn_stage3.world
[26.152s] -- Symlinking: /home/sunny/robotics/turtlebot3_ws/install/turtlebot3_gazebo/share/turtlebot3_gazebo//worlds/turtlebot3_dqn_stage4.world
[26.158s] -- Symlinking: /home/sunny/robotics/turtlebot3_ws/install/turtlebot3_gazebo/share/turtlebot3_gazebo//worlds/turtlebot3_house.world
[26.164s] -- Symlinking: /home/sunny/robotics/turtlebot3_ws/install/turtlebot3_gazebo/share/turtlebot3_gazebo//worlds/turtlebot3_world.world
[26.171s] -- Symlinking: /home/sunny/robotics/turtlebot3_ws/install/turtlebot3_gazebo/include//turtlebot3_gazebo/obstacle1.hpp
[26.177s] -- Symlinking: /home/sunny/robotics/turtlebot3_ws/install/turtlebot3_gazebo/include//turtlebot3_gazebo/obstacle2.hpp
[26.184s] -- Symlinking: /home/sunny/robotics/turtlebot3_ws/install/turtlebot3_gazebo/include//turtlebot3_gazebo/obstacles.hpp
[26.190s] -- Symlinking: /home/sunny/robotics/turtlebot3_ws/install/turtlebot3_gazebo/include//turtlebot3_gazebo/traffic_bar_plugin.hpp
[26.197s] -- Symlinking: /home/sunny/robotics/turtlebot3_ws/install/turtlebot3_gazebo/include//turtlebot3_gazebo/traffic_light_plugin.hpp
[26.203s] -- Symlinking: /home/sunny/robotics/turtlebot3_ws/install/turtlebot3_gazebo/include//turtlebot3_gazebo/turtlebot3_drive.hpp
[26.209s] -- Symlinking: /home/sunny/robotics/turtlebot3_ws/install/turtlebot3_gazebo/share/ament_index/resource_index/package_run_dependencies/turtlebot3_gazebo
[26.215s] -- Symlinking: /home/sunny/robotics/turtlebot3_ws/install/turtlebot3_gazebo/share/ament_index/resource_index/parent_prefix_path/turtlebot3_gazebo
[26.222s] -- Symlinking: /home/sunny/robotics/turtlebot3_ws/install/turtlebot3_gazebo/share/turtlebot3_gazebo/environment/ament_prefix_path.sh
[26.230s] -- Symlinking: /home/sunny/robotics/turtlebot3_ws/install/turtlebot3_gazebo/share/turtlebot3_gazebo/environment/ament_prefix_path.dsv
[26.235s] -- Symlinking: /home/sunny/robotics/turtlebot3_ws/install/turtlebot3_gazebo/share/turtlebot3_gazebo/environment/path.sh
[26.242s] -- Symlinking: /home/sunny/robotics/turtlebot3_ws/install/turtlebot3_gazebo/share/turtlebot3_gazebo/environment/path.dsv
[26.248s] -- Symlinking: /home/sunny/robotics/turtlebot3_ws/install/turtlebot3_gazebo/share/turtlebot3_gazebo/local_setup.bash
[26.254s] -- Symlinking: /home/sunny/robotics/turtlebot3_ws/install/turtlebot3_gazebo/share/turtlebot3_gazebo/local_setup.sh
[26.261s] -- Symlinking: /home/sunny/robotics/turtlebot3_ws/install/turtlebot3_gazebo/share/turtlebot3_gazebo/local_setup.zsh
[26.268s] -- Symlinking: /home/sunny/robotics/turtlebot3_ws/install/turtlebot3_gazebo/share/turtlebot3_gazebo/local_setup.dsv
[26.277s] -- Symlinking: /home/sunny/robotics/turtlebot3_ws/install/turtlebot3_gazebo/share/turtlebot3_gazebo/package.dsv
[26.285s] -- Symlinking: /home/sunny/robotics/turtlebot3_ws/install/turtlebot3_gazebo/share/ament_index/resource_index/packages/turtlebot3_gazebo
[26.291s] -- Symlinking: /home/sunny/robotics/turtlebot3_ws/install/turtlebot3_gazebo/share/turtlebot3_gazebo/cmake/ament_cmake_export_include_directories-extras.cmake
[26.297s] -- Symlinking: /home/sunny/robotics/turtlebot3_ws/install/turtlebot3_gazebo/share/turtlebot3_gazebo/cmake/ament_cmake_export_dependencies-extras.cmake
[26.304s] -- Symlinking: /home/sunny/robotics/turtlebot3_ws/install/turtlebot3_gazebo/share/turtlebot3_gazebo/cmake/turtlebot3_gazeboConfig.cmake
[26.311s] -- Symlinking: /home/sunny/robotics/turtlebot3_ws/install/turtlebot3_gazebo/share/turtlebot3_gazebo/cmake/turtlebot3_gazeboConfig-version.cmake
[26.319s] -- Symlinking: /home/sunny/robotics/turtlebot3_ws/install/turtlebot3_gazebo/share/turtlebot3_gazebo/package.xml
[26.327s] Invoked command in '/home/sunny/robotics/turtlebot3_ws/build/turtlebot3_gazebo' returned '0': CMAKE_PREFIX_PATH=${CMAKE_PREFIX_PATH}:/home/sunny/robotics/turtlebot3_ws/install/turtlebot3_teleop:/home/sunny/robotics/turtlebot3_ws/install/turtlebot3_example:/home/sunny/robotics/turtlebot3_ws/install/slam:/opt/ros/jazzy /usr/bin/cmake --install /home/sunny/robotics/turtlebot3_ws/build/turtlebot3_gazebo
