[0.032s] Invoking command in '/home/sunny/robotics/turtlebot3_ws/build/turtlebot3_gazebo': CMAKE_PREFIX_PATH=${CMAKE_PREFIX_PATH}:/home/sunny/robotics/turtlebot3_ws/install/turtlebot3_teleop:/home/sunny/robotics/turtlebot3_ws/install/turtlebot3_example:/home/sunny/robotics/turtlebot3_ws/install/slam:/opt/ros/jazzy /usr/bin/cmake /home/sunny/robotics/turtlebot3_ws/src/turtlebot3_simulations/turtlebot3_gazebo -DAMENT_CMAKE_SYMLINK_INSTALL=1 -DCMAKE_INSTALL_PREFIX=/home/sunny/robotics/turtlebot3_ws/install/turtlebot3_gazebo
[0.188s] -- The C compiler identification is GNU 13.3.0
[0.729s] -- The CXX compiler identification is GNU 13.3.0
[1.335s] -- Detecting C compiler ABI info
[1.556s] -- Detecting C compiler ABI info - done
[1.562s] -- Check for working C compiler: /usr/bin/cc - skipped
[1.563s] -- Detecting C compile features
[1.563s] -- Detecting C compile features - done
[1.648s] -- Detecting CXX compiler ABI info
[1.909s] -- Detecting CXX compiler ABI info - done
[1.917s] -- Check for working CXX compiler: /usr/bin/c++ - skipped
[1.917s] -- Detecting CXX compile features
[1.917s] -- Detecting CXX compile features - done
[1.919s] -- Found ament_cmake: 2.5.6 (/opt/ros/jazzy/share/ament_cmake/cmake)
[2.054s] -- Found Python3: /usr/bin/python3 (found version "3.12.3") found components: Interpreter 
[2.114s] -- Override CMake install command with custom implementation using symlinks instead of copying resources
[2.149s] -- Found ros_gz_sim: 1.0.22 (/opt/ros/jazzy/share/ros_gz_sim/cmake)
[2.424s] -- Found rosidl_generator_c: 4.6.9 (/opt/ros/jazzy/share/rosidl_generator_c/cmake)
[2.442s] -- Found rosidl_generator_cpp: 4.6.9 (/opt/ros/jazzy/share/rosidl_generator_cpp/cmake)
[2.471s] -- Using all available rosidl_typesupport_c: rosidl_typesupport_fastrtps_c;rosidl_typesupport_introspection_c
[2.504s] -- Using all available rosidl_typesupport_cpp: rosidl_typesupport_fastrtps_cpp;rosidl_typesupport_introspection_cpp
[2.633s] -- Found rmw_implementation_cmake: 7.3.3 (/opt/ros/jazzy/share/rmw_implementation_cmake/cmake)
[2.638s] -- Found rmw_fastrtps_cpp: 8.4.4 (/opt/ros/jazzy/share/rmw_fastrtps_cpp/cmake)
[2.748s] -- Found OpenSSL: /usr/lib/x86_64-linux-gnu/libcrypto.so (found version "3.0.13")  
[2.941s] -- Found FastRTPS: /opt/ros/jazzy/include (Required is at least version "2.13") 
[3.037s] -- Using RMW implementation 'rmw_fastrtps_cpp' as default
[3.391s] -- Found nav_msgs: 5.3.8 (/opt/ros/jazzy/share/nav_msgs/cmake)
[3.411s] -- Found sensor_msgs: 5.3.8 (/opt/ros/jazzy/share/sensor_msgs/cmake)
[3.428s] -- Found gz_math_vendor: 0.0.9 (/opt/ros/jazzy/share/gz_math_vendor/cmake)
[3.434s] -- Looking for gz-math7 -- found version 7.6.0
[3.439s] -- Searching for dependencies of gz-math7
[3.440s] -- Looking for gz-utils2 -- found version 2.2.1
[3.440s] -- Searching for dependencies of gz-utils2
[3.443s] -- Found gz_sim_vendor: 0.0.10 (/opt/ros/jazzy/share/gz_sim_vendor/cmake)
[3.479s] -- Looking for gz-sim8 -- found version 8.11.0
[3.480s] -- Searching for dependencies of gz-sim8
[3.482s] -- Looking for sdformat14 -- found version 14.9.0
[3.482s] -- Searching for dependencies of sdformat14
[3.485s] -- Checking for module 'tinyxml2'
[3.497s] --   Found tinyxml2, version 10.0.0
[3.521s] -- Looking for gz-math7 -- found version 7.6.0
[3.521s] -- Looking for gz-utils2 -- found version 2.2.1
[3.522s] -- Searching for dependencies of gz-utils2
[3.522s] -- Searching for <gz-utils2> component [cli]
[3.523s] -- Looking for gz-utils2-cli -- found version 2.2.1
[3.523s] -- Searching for dependencies of gz-utils2-cli
[3.526s] -- Looking for gz-plugin2 -- found version 2.0.4
[3.526s] -- Searching for dependencies of gz-plugin2
[3.526s] -- Looking for gz-utils2 -- found version 2.2.1
[3.526s] -- Searching for <gz-plugin2> component [loader]
[3.527s] -- Looking for gz-plugin2-loader -- found version 2.0.4
[3.527s] -- Searching for dependencies of gz-plugin2-loader
[3.528s] -- Searching for <gz-plugin2> component [register]
[3.529s] -- Looking for gz-plugin2-register -- found version 2.0.4
[3.529s] -- Searching for dependencies of gz-plugin2-register
[3.531s] -- Looking for gz-transport13 -- found version 13.5.0
[3.531s] -- Searching for dependencies of gz-transport13
[5.170s] -- Found Protobuf: /usr/lib/x86_64-linux-gnu/libprotobuf.so (found version "3.21.12") 
[6.350s] -- Config-file not installed for ZeroMQ -- checking for pkg-config
[6.353s] -- Checking for module 'libzmq >= 4'
[6.368s] --   Found libzmq, version 4.3.5
[6.401s] -- Found ZeroMQ: TRUE (Required is at least version "4") 
[6.453s] -- Checking for module 'uuid'
[6.469s] --   Found uuid, version 2.39.3
[6.497s] -- Found UUID: TRUE  
[6.498s] -- Looking for gz-utils2 -- found version 2.2.1
[6.500s] -- Looking for gz-msgs10 -- found version 10.3.2
[6.500s] -- Searching for dependencies of gz-msgs10
[7.865s] -- Looking for gz-utils2 -- found version 2.2.1
[7.865s] -- Looking for gz-math7 -- found version 7.6.0
[7.870s] -- Searching for <gz-transport13> component [log]
[7.871s] -- Looking for gz-transport13-log -- found version 13.5.0
[7.872s] -- Searching for dependencies of gz-transport13-log
[7.872s] -- Searching for <gz-transport13> component [parameters]
[7.874s] -- Looking for gz-transport13-parameters -- found version 13.5.0
[7.874s] -- Searching for dependencies of gz-transport13-parameters
[7.875s] -- Looking for gz-msgs10 -- found version 10.3.2
[7.875s] -- Looking for gz-common5 -- found version 5.8.0
[7.876s] -- Searching for dependencies of gz-common5
[7.876s] -- Looking for gz-utils2 -- found version 2.2.1
[7.915s] -- Looking for dlfcn.h - found
[7.945s] -- Looking for libdl - found
[7.946s] -- Found DL: TRUE  
[7.951s] -- Searching for <gz-common5> component [av]
[7.953s] -- Looking for gz-common5-av -- found version 5.8.0
[7.953s] -- Searching for dependencies of gz-common5-av
[7.956s] -- Checking for module 'libswscale'
[7.968s] --   Found libswscale, version 7.5.100
[7.992s] -- Found SWSCALE: TRUE  
[7.996s] -- Checking for module 'libavdevice >= 56.4.100'
[8.006s] --   Found libavdevice, version 60.3.100
[8.034s] -- Found AVDEVICE: TRUE (Required is at least version "56.4.100") 
[8.037s] -- Checking for module 'libavformat'
[8.047s] --   Found libavformat, version 60.16.100
[8.070s] -- Found AVFORMAT: TRUE  
[8.073s] -- Checking for module 'libavcodec'
[8.083s] --   Found libavcodec, version 60.31.102
[8.106s] -- Found AVCODEC: TRUE  
[8.109s] -- Checking for module 'libavutil'
[8.118s] --   Found libavutil, version 58.29.100
[8.140s] -- Found AVUTIL: TRUE  
[8.140s] -- Searching for <gz-common5> component [events]
[8.142s] -- Looking for gz-common5-events -- found version 5.8.0
[8.142s] -- Searching for dependencies of gz-common5-events
[8.142s] -- Looking for gz-math7 -- found version 7.6.0
[8.143s] -- Searching for <gz-common5> component [graphics]
[8.144s] -- Looking for gz-common5-graphics -- found version 5.8.0
[8.145s] -- Searching for dependencies of gz-common5-graphics
[8.145s] -- Looking for gz-math7 -- found version 7.6.0
[8.148s] -- Found GzAssimp: TRUE (found version "5.3.0") 
[8.149s] -- Searching for <gz-common5> component [io]
[8.150s] -- Looking for gz-common5-io -- found version 5.8.0
[8.150s] -- Searching for dependencies of gz-common5-io
[8.151s] -- Searching for <gz-common5> component [profiler]
[8.152s] -- Looking for gz-common5-profiler -- found version 5.8.0
[8.153s] -- Searching for dependencies of gz-common5-profiler
[8.154s] -- Looking for gz-fuel_tools9 -- found version 9.1.1
[8.154s] -- Searching for dependencies of gz-fuel_tools9
[9.135s] -- Found CURL: /usr/lib/x86_64-linux-gnu/libcurl.so (found version "8.5.0")  
[9.142s] -- Checking for module 'jsoncpp'
[9.153s] --   Found jsoncpp, version 1.9.5
[9.175s] -- Found JSONCPP: TRUE  
[10.058s] -- Checking for module 'yaml-0.1'
[10.069s] --   Found yaml-0.1, version 0.2.5
[10.092s] -- Found YAML: TRUE  
[10.096s] -- Checking for module 'libzip'
[10.107s] --   Found libzip, version 1.7.3
[10.130s] -- Found ZIP: TRUE  
[10.130s] -- Looking for gz-utils2 -- found version 2.2.1
[10.131s] -- Looking for gz-common5 -- found version 5.8.0
[10.131s] -- Searching for dependencies of gz-common5
[10.131s] -- Looking for gz-utils2 -- found version 2.2.1
[10.131s] -- Looking for dlfcn.h - found
[10.131s] -- Looking for libdl - found
[10.136s] -- Searching for <gz-common5> component [testing]
[10.138s] -- Looking for gz-common5-testing -- found version 5.8.0
[10.138s] -- Searching for dependencies of gz-common5-testing
[10.139s] -- Looking for gz-math7 -- found version 7.6.0
[10.139s] -- Looking for gz-msgs10 -- found version 10.3.2
[10.141s] -- Looking for gz-gui8 -- found version 8.4.0
[10.141s] -- Searching for dependencies of gz-gui8
[11.003s] -- Looking for gz-utils2 -- found version 2.2.1
[11.003s] -- Looking for gz-math7 -- found version 7.6.0
[11.003s] -- Looking for gz-common5 -- found version 5.8.0
[11.003s] -- Looking for gz-plugin2 -- found version 2.0.4
[11.004s] -- Looking for gz-transport13 -- found version 13.5.0
[11.005s] -- Looking for gz-rendering8 -- found version 8.2.3
[11.005s] -- Searching for dependencies of gz-rendering8
[11.005s] -- Looking for gz-math7 -- found version 7.6.0
[11.006s] -- Searching for dependencies of gz-math7
[11.006s] -- Looking for gz-utils2 -- found version 2.2.1
[11.006s] -- Searching for <gz-math7> component [eigen3]
[11.008s] -- Looking for gz-math7-eigen3 -- found version 7.6.0
[11.008s] -- Searching for dependencies of gz-math7-eigen3
[11.014s] -- Looking for gz-common5 -- found version 5.8.0
[11.014s] -- Searching for dependencies of gz-common5
[11.014s] -- Looking for gz-utils2 -- found version 2.2.1
[11.014s] -- Looking for dlfcn.h - found
[11.014s] -- Looking for libdl - found
[11.020s] -- Searching for <gz-common5> component [graphics]
[11.020s] -- Searching for <gz-common5> component [events]
[11.020s] -- Searching for <gz-common5> component [geospatial]
[11.021s] -- Looking for gz-common5-geospatial -- found version 5.8.0
[11.021s] -- Searching for dependencies of gz-common5-geospatial
[11.021s] -- Looking for gz-math7 -- found version 7.6.0
[11.022s] -- Looking for gz-common5 -- found version 5.8.0
[11.022s] -- Looking for gz-plugin2 -- found version 2.0.4
[11.023s] -- Searching for dependencies of gz-plugin2
[11.023s] -- Looking for gz-utils2 -- found version 2.2.1
[11.023s] -- Searching for <gz-plugin2> component [all]
[11.024s] -- Looking for all libraries of gz-plugin2 -- found version 2.0.4
[11.025s] -- Looking for gz-plugin2 -- found version 2.0.4
[11.025s] -- Looking for gz-utils2 -- found version 2.2.1
[11.626s] -- Found OpenGL: /usr/lib/x86_64-linux-gnu/libOpenGL.so  found components: OpenGL 
[11.627s] -- Looking for gz-msgs10 -- found version 10.3.2
[11.720s] -- Looking for gz-physics7 -- found version 7.6.0
[11.720s] -- Searching for dependencies of gz-physics7
[11.720s] -- Looking for gz-common5 -- found version 5.8.0
[11.720s] -- Looking for gz-math7 -- found version 7.6.0
[11.720s] -- Looking for gz-plugin2 -- found version 2.0.4
[11.721s] -- Looking for gz-utils2 -- found version 2.2.1
[11.722s] -- Searching for <gz-physics7> component [heightmap]
[11.723s] -- Looking for gz-physics7-heightmap -- found version 7.6.0
[11.723s] -- Searching for dependencies of gz-physics7-heightmap
[11.723s] -- Looking for gz-common5 -- found version 5.8.0
[11.724s] -- Searching for <gz-physics7> component [mesh]
[11.726s] -- Looking for gz-physics7-mesh -- found version 7.6.0
[11.726s] -- Searching for dependencies of gz-physics7-mesh
[11.726s] -- Looking for gz-common5 -- found version 5.8.0
[11.727s] -- Searching for <gz-physics7> component [sdf]
[11.728s] -- Looking for gz-physics7-sdf -- found version 7.6.0
[11.729s] -- Searching for dependencies of gz-physics7-sdf
[11.729s] -- Looking for sdformat14 -- found version 14.9.0
[11.732s] -- Looking for gz-sensors8 -- found version 8.2.2
[11.732s] -- Searching for dependencies of gz-sensors8
[12.606s] -- Looking for gz-math7 -- found version 7.6.0
[12.606s] -- Looking for gz-common5 -- found version 5.8.0
[12.606s] -- Looking for gz-transport13 -- found version 13.5.0
[12.606s] -- Looking for gz-rendering8 -- found version 8.2.3
[12.607s] -- Looking for gz-msgs10 -- found version 10.3.2
[12.607s] -- Looking for sdformat14 -- found version 14.9.0
[12.608s] -- Searching for <gz-sensors8> component [air_pressure]
[12.609s] -- Looking for gz-sensors8-air_pressure -- found version 8.2.2
[12.609s] -- Searching for dependencies of gz-sensors8-air_pressure
[12.609s] -- Searching for <gz-sensors8> component [air_speed]
[12.610s] -- Looking for gz-sensors8-air_speed -- found version 8.2.2
[12.611s] -- Searching for dependencies of gz-sensors8-air_speed
[12.611s] -- Searching for <gz-sensors8> component [altimeter]
[12.612s] -- Looking for gz-sensors8-altimeter -- found version 8.2.2
[12.612s] -- Searching for dependencies of gz-sensors8-altimeter
[12.613s] -- Searching for <gz-sensors8> component [imu]
[12.614s] -- Looking for gz-sensors8-imu -- found version 8.2.2
[12.614s] -- Searching for dependencies of gz-sensors8-imu
[12.614s] -- Searching for <gz-sensors8> component [force_torque]
[12.616s] -- Looking for gz-sensors8-force_torque -- found version 8.2.2
[12.616s] -- Searching for dependencies of gz-sensors8-force_torque
[12.616s] -- Searching for <gz-sensors8> component [logical_camera]
[12.617s] -- Looking for gz-sensors8-logical_camera -- found version 8.2.2
[12.617s] -- Searching for dependencies of gz-sensors8-logical_camera
[12.618s] -- Searching for <gz-sensors8> component [magnetometer]
[12.619s] -- Looking for gz-sensors8-magnetometer -- found version 8.2.2
[12.619s] -- Searching for dependencies of gz-sensors8-magnetometer
[12.619s] -- Searching for <gz-sensors8> component [navsat]
[12.620s] -- Looking for gz-sensors8-navsat -- found version 8.2.2
[12.621s] -- Searching for dependencies of gz-sensors8-navsat
[12.621s] -- Searching for <gz-sensors8> component [dvl]
[12.622s] -- Looking for gz-sensors8-dvl -- found version 8.2.2
[12.622s] -- Searching for dependencies of gz-sensors8-dvl
[12.622s] -- Looking for gz-sensors8 -- found version 8.2.2
[12.623s] -- Searching for dependencies of gz-sensors8
[13.496s] -- Looking for gz-math7 -- found version 7.6.0
[13.497s] -- Looking for gz-common5 -- found version 5.8.0
[13.497s] -- Looking for gz-transport13 -- found version 13.5.0
[13.497s] -- Looking for gz-rendering8 -- found version 8.2.3
[13.497s] -- Looking for gz-msgs10 -- found version 10.3.2
[13.498s] -- Looking for sdformat14 -- found version 14.9.0
[13.498s] -- Searching for <gz-sensors8> component [rendering]
[13.499s] -- Looking for gz-sensors8-rendering -- found version 8.2.2
[13.500s] -- Searching for dependencies of gz-sensors8-rendering
[13.500s] -- Searching for <gz-sensors8> component [rendering]
[13.500s] -- Searching for <gz-sensors8> component [lidar]
[13.502s] -- Looking for gz-sensors8-lidar -- found version 8.2.2
[13.502s] -- Searching for dependencies of gz-sensors8-lidar
[13.502s] -- Looking for gz-sensors8 -- found version 8.2.2
[13.502s] -- Searching for <gz-sensors8> component [gpu_lidar]
[13.504s] -- Looking for gz-sensors8-gpu_lidar -- found version 8.2.2
[13.504s] -- Searching for dependencies of gz-sensors8-gpu_lidar
[13.504s] -- Looking for gz-sensors8 -- found version 8.2.2
[13.505s] -- Searching for <gz-sensors8> component [camera]
[13.508s] -- Looking for gz-sensors8-camera -- found version 8.2.2
[13.508s] -- Searching for dependencies of gz-sensors8-camera
[13.508s] -- Looking for gz-sensors8 -- found version 8.2.2
[13.509s] -- Searching for <gz-sensors8> component [boundingbox_camera]
[13.510s] -- Looking for gz-sensors8-boundingbox_camera -- found version 8.2.2
[13.510s] -- Searching for dependencies of gz-sensors8-boundingbox_camera
[13.511s] -- Searching for <gz-sensors8> component [segmentation_camera]
[13.513s] -- Looking for gz-sensors8-segmentation_camera -- found version 8.2.2
[13.514s] -- Searching for dependencies of gz-sensors8-segmentation_camera
[13.514s] -- Searching for <gz-sensors8> component [depth_camera]
[13.515s] -- Looking for gz-sensors8-depth_camera -- found version 8.2.2
[13.515s] -- Searching for dependencies of gz-sensors8-depth_camera
[13.516s] -- Looking for gz-sensors8 -- found version 8.2.2
[13.516s] -- Searching for <gz-sensors8> component [rgbd_camera]
[13.518s] -- Looking for gz-sensors8-rgbd_camera -- found version 8.2.2
[13.518s] -- Searching for dependencies of gz-sensors8-rgbd_camera
[13.519s] -- Looking for gz-sensors8 -- found version 8.2.2
[13.519s] -- Searching for <gz-sensors8> component [thermal_camera]
[13.521s] -- Looking for gz-sensors8-thermal_camera -- found version 8.2.2
[13.521s] -- Searching for dependencies of gz-sensors8-thermal_camera
[13.522s] -- Looking for gz-sensors8 -- found version 8.2.2
[13.522s] -- Searching for <gz-sensors8> component [wide_angle_camera]
[13.523s] -- Looking for gz-sensors8-wide_angle_camera -- found version 8.2.2
[13.524s] -- Searching for dependencies of gz-sensors8-wide_angle_camera
[13.525s] -- Looking for gz-rendering8 -- found version 8.2.3
[13.525s] -- Looking for gz-math7 -- found version 7.6.0
[13.525s] -- Looking for gz-utils2 -- found version 2.2.1
[14.869s] -- Looking for gz-plugin2 -- found version 2.0.4
[14.962s] -- Configuring done (14.9s)
[15.004s] -- Generating done (0.0s)
[15.015s] -- Build files have been written to: /home/sunny/robotics/turtlebot3_ws/build/turtlebot3_gazebo
[15.034s] Invoked command in '/home/sunny/robotics/turtlebot3_ws/build/turtlebot3_gazebo' returned '0': CMAKE_PREFIX_PATH=${CMAKE_PREFIX_PATH}:/home/sunny/robotics/turtlebot3_ws/install/turtlebot3_teleop:/home/sunny/robotics/turtlebot3_ws/install/turtlebot3_example:/home/sunny/robotics/turtlebot3_ws/install/slam:/opt/ros/jazzy /usr/bin/cmake /home/sunny/robotics/turtlebot3_ws/src/turtlebot3_simulations/turtlebot3_gazebo -DAMENT_CMAKE_SYMLINK_INSTALL=1 -DCMAKE_INSTALL_PREFIX=/home/sunny/robotics/turtlebot3_ws/install/turtlebot3_gazebo
[15.035s] Invoking command in '/home/sunny/robotics/turtlebot3_ws/build/turtlebot3_gazebo': CMAKE_PREFIX_PATH=${CMAKE_PREFIX_PATH}:/home/sunny/robotics/turtlebot3_ws/install/turtlebot3_teleop:/home/sunny/robotics/turtlebot3_ws/install/turtlebot3_example:/home/sunny/robotics/turtlebot3_ws/install/slam:/opt/ros/jazzy /usr/bin/cmake --build /home/sunny/robotics/turtlebot3_ws/build/turtlebot3_gazebo -- -j20 -l20
[15.085s] [ 12%] [32mBuilding CXX object CMakeFiles/obstacles.dir/src/obstacles.cpp.o[0m
[15.086s] [ 25%] [32mBuilding CXX object CMakeFiles/turtlebot3_drive.dir/src/turtlebot3_drive.cpp.o[0m
[15.088s] [ 37%] [32mBuilding CXX object CMakeFiles/obstacle1.dir/src/obstacle1.cpp.o[0m
[15.095s] [ 50%] [32mBuilding CXX object CMakeFiles/obstacle2.dir/src/obstacle2.cpp.o[0m
[17.636s] [ 62%] [32m[1mLinking CXX shared library libobstacle1.so[0m
[17.655s] [ 75%] [32m[1mLinking CXX shared library libobstacle2.so[0m
[17.980s] [ 75%] Built target obstacle1
[18.000s] [ 75%] Built target obstacle2
[18.100s] [ 87%] [32m[1mLinking CXX shared library libobstacles.so[0m
[18.378s] [ 87%] Built target obstacles
[23.091s] [100%] [32m[1mLinking CXX executable turtlebot3_drive[0m
[23.452s] [100%] Built target turtlebot3_drive
[23.460s] Invoked command in '/home/sunny/robotics/turtlebot3_ws/build/turtlebot3_gazebo' returned '0': CMAKE_PREFIX_PATH=${CMAKE_PREFIX_PATH}:/home/sunny/robotics/turtlebot3_ws/install/turtlebot3_teleop:/home/sunny/robotics/turtlebot3_ws/install/turtlebot3_example:/home/sunny/robotics/turtlebot3_ws/install/slam:/opt/ros/jazzy /usr/bin/cmake --build /home/sunny/robotics/turtlebot3_ws/build/turtlebot3_gazebo -- -j20 -l20
[23.461s] Invoking command in '/home/sunny/robotics/turtlebot3_ws/build/turtlebot3_gazebo': CMAKE_PREFIX_PATH=${CMAKE_PREFIX_PATH}:/home/sunny/robotics/turtlebot3_ws/install/turtlebot3_teleop:/home/sunny/robotics/turtlebot3_ws/install/turtlebot3_example:/home/sunny/robotics/turtlebot3_ws/install/slam:/opt/ros/jazzy /usr/bin/cmake --install /home/sunny/robotics/turtlebot3_ws/build/turtlebot3_gazebo
[23.467s] -- Install configuration: ""
[23.467s] -- Execute custom install script
[23.467s] -- Symlinking: /home/sunny/robotics/turtlebot3_ws/install/turtlebot3_gazebo/lib/turtlebot3_gazebo/turtlebot3_drive
[23.474s] -- Symlinking: /home/sunny/robotics/turtlebot3_ws/install/turtlebot3_gazebo/lib/turtlebot3_gazebo/libobstacles.so
[23.480s] -- Symlinking: /home/sunny/robotics/turtlebot3_ws/install/turtlebot3_gazebo/lib/turtlebot3_gazebo/libobstacle1.so
[23.486s] -- Symlinking: /home/sunny/robotics/turtlebot3_ws/install/turtlebot3_gazebo/lib/turtlebot3_gazebo/libobstacle2.so
[23.492s] -- Symlinking: /home/sunny/robotics/turtlebot3_ws/install/turtlebot3_gazebo/share/turtlebot3_gazebo//launch/empty_world.launch.py
[23.498s] -- Symlinking: /home/sunny/robotics/turtlebot3_ws/install/turtlebot3_gazebo/share/turtlebot3_gazebo//launch/robot_state_publisher.launch.py
[23.503s] -- Symlinking: /home/sunny/robotics/turtlebot3_ws/install/turtlebot3_gazebo/share/turtlebot3_gazebo//launch/spawn_turtlebot3.launch.py
[23.509s] -- Symlinking: /home/sunny/robotics/turtlebot3_ws/install/turtlebot3_gazebo/share/turtlebot3_gazebo//launch/turtlebot3_dqn_stage1.launch.py
[23.514s] -- Symlinking: /home/sunny/robotics/turtlebot3_ws/install/turtlebot3_gazebo/share/turtlebot3_gazebo//launch/turtlebot3_dqn_stage2.launch.py
[23.520s] -- Symlinking: /home/sunny/robotics/turtlebot3_ws/install/turtlebot3_gazebo/share/turtlebot3_gazebo//launch/turtlebot3_dqn_stage3.launch.py
[23.526s] -- Symlinking: /home/sunny/robotics/turtlebot3_ws/install/turtlebot3_gazebo/share/turtlebot3_gazebo//launch/turtlebot3_dqn_stage4.launch.py
[23.532s] -- Symlinking: /home/sunny/robotics/turtlebot3_ws/install/turtlebot3_gazebo/share/turtlebot3_gazebo//launch/turtlebot3_house.launch.py
[23.537s] -- Symlinking: /home/sunny/robotics/turtlebot3_ws/install/turtlebot3_gazebo/share/turtlebot3_gazebo//launch/turtlebot3_world.launch.py
[23.544s] -- Symlinking: /home/sunny/robotics/turtlebot3_ws/install/turtlebot3_gazebo/share/turtlebot3_gazebo//models/turtlebot3_burger/model-1_4.sdf
[23.550s] -- Symlinking: /home/sunny/robotics/turtlebot3_ws/install/turtlebot3_gazebo/share/turtlebot3_gazebo//models/turtlebot3_burger/model.config
[23.555s] -- Symlinking: /home/sunny/robotics/turtlebot3_ws/install/turtlebot3_gazebo/share/turtlebot3_gazebo//models/turtlebot3_burger/model.sdf
[23.561s] -- Symlinking: /home/sunny/robotics/turtlebot3_ws/install/turtlebot3_gazebo/share/turtlebot3_gazebo//models/turtlebot3_burger_cam/model-1_4.sdf
[23.567s] -- Symlinking: /home/sunny/robotics/turtlebot3_ws/install/turtlebot3_gazebo/share/turtlebot3_gazebo//models/turtlebot3_burger_cam/model.config
[23.572s] -- Symlinking: /home/sunny/robotics/turtlebot3_ws/install/turtlebot3_gazebo/share/turtlebot3_gazebo//models/turtlebot3_burger_cam/model.sdf
[23.579s] -- Symlinking: /home/sunny/robotics/turtlebot3_ws/install/turtlebot3_gazebo/share/turtlebot3_gazebo//models/turtlebot3_common/meshes/bases/burger_base.stl
[23.584s] -- Symlinking: /home/sunny/robotics/turtlebot3_ws/install/turtlebot3_gazebo/share/turtlebot3_gazebo//models/turtlebot3_common/meshes/bases/waffle_base.stl
[23.590s] -- Symlinking: /home/sunny/robotics/turtlebot3_ws/install/turtlebot3_gazebo/share/turtlebot3_gazebo//models/turtlebot3_common/meshes/bases/waffle_pi_base.stl
[23.596s] -- Symlinking: /home/sunny/robotics/turtlebot3_ws/install/turtlebot3_gazebo/share/turtlebot3_gazebo//models/turtlebot3_common/meshes/burger_base.dae
[23.602s] -- Symlinking: /home/sunny/robotics/turtlebot3_ws/install/turtlebot3_gazebo/share/turtlebot3_gazebo//models/turtlebot3_common/meshes/lds.dae
[23.608s] -- Symlinking: /home/sunny/robotics/turtlebot3_ws/install/turtlebot3_gazebo/share/turtlebot3_gazebo//models/turtlebot3_common/meshes/r200.dae
[23.613s] -- Symlinking: /home/sunny/robotics/turtlebot3_ws/install/turtlebot3_gazebo/share/turtlebot3_gazebo//models/turtlebot3_common/meshes/sensors/astra.dae
[23.619s] -- Symlinking: /home/sunny/robotics/turtlebot3_ws/install/turtlebot3_gazebo/share/turtlebot3_gazebo//models/turtlebot3_common/meshes/sensors/astra.jpg
[23.625s] -- Symlinking: /home/sunny/robotics/turtlebot3_ws/install/turtlebot3_gazebo/share/turtlebot3_gazebo//models/turtlebot3_common/meshes/sensors/lds.stl
[23.632s] -- Symlinking: /home/sunny/robotics/turtlebot3_ws/install/turtlebot3_gazebo/share/turtlebot3_gazebo//models/turtlebot3_common/meshes/sensors/r200.dae
[23.638s] -- Symlinking: /home/sunny/robotics/turtlebot3_ws/install/turtlebot3_gazebo/share/turtlebot3_gazebo//models/turtlebot3_common/meshes/sensors/r200.jpg
[23.644s] -- Symlinking: /home/sunny/robotics/turtlebot3_ws/install/turtlebot3_gazebo/share/turtlebot3_gazebo//models/turtlebot3_common/meshes/tire.dae
[23.650s] -- Symlinking: /home/sunny/robotics/turtlebot3_ws/install/turtlebot3_gazebo/share/turtlebot3_gazebo//models/turtlebot3_common/meshes/waffle_base.dae
[23.656s] -- Symlinking: /home/sunny/robotics/turtlebot3_ws/install/turtlebot3_gazebo/share/turtlebot3_gazebo//models/turtlebot3_common/meshes/waffle_pi_base.dae
[23.661s] -- Symlinking: /home/sunny/robotics/turtlebot3_ws/install/turtlebot3_gazebo/share/turtlebot3_gazebo//models/turtlebot3_common/meshes/wheels/left_tire.stl
[23.669s] -- Symlinking: /home/sunny/robotics/turtlebot3_ws/install/turtlebot3_gazebo/share/turtlebot3_gazebo//models/turtlebot3_common/meshes/wheels/right_tire.stl
[23.677s] -- Symlinking: /home/sunny/robotics/turtlebot3_ws/install/turtlebot3_gazebo/share/turtlebot3_gazebo//models/turtlebot3_common/model.config
[23.683s] -- Symlinking: /home/sunny/robotics/turtlebot3_ws/install/turtlebot3_gazebo/share/turtlebot3_gazebo//models/turtlebot3_dqn_world/goal_box/model.config
[23.689s] -- Symlinking: /home/sunny/robotics/turtlebot3_ws/install/turtlebot3_gazebo/share/turtlebot3_gazebo//models/turtlebot3_dqn_world/goal_box/model.sdf
[23.694s] -- Symlinking: /home/sunny/robotics/turtlebot3_ws/install/turtlebot3_gazebo/share/turtlebot3_gazebo//models/turtlebot3_dqn_world/inner_walls/model.config
[23.701s] -- Symlinking: /home/sunny/robotics/turtlebot3_ws/install/turtlebot3_gazebo/share/turtlebot3_gazebo//models/turtlebot3_dqn_world/inner_walls/model.sdf
[23.706s] -- Symlinking: /home/sunny/robotics/turtlebot3_ws/install/turtlebot3_gazebo/share/turtlebot3_gazebo//models/turtlebot3_dqn_world/inner_walls/textures/wood.png
[23.712s] -- Symlinking: /home/sunny/robotics/turtlebot3_ws/install/turtlebot3_gazebo/share/turtlebot3_gazebo//models/turtlebot3_dqn_world/model.config
[23.719s] -- Symlinking: /home/sunny/robotics/turtlebot3_ws/install/turtlebot3_gazebo/share/turtlebot3_gazebo//models/turtlebot3_dqn_world/model.sdf
[23.725s] -- Symlinking: /home/sunny/robotics/turtlebot3_ws/install/turtlebot3_gazebo/share/turtlebot3_gazebo//models/turtlebot3_dqn_world/obstacle1/model.config
[23.731s] -- Symlinking: /home/sunny/robotics/turtlebot3_ws/install/turtlebot3_gazebo/share/turtlebot3_gazebo//models/turtlebot3_dqn_world/obstacle1/model.sdf
[23.738s] -- Symlinking: /home/sunny/robotics/turtlebot3_ws/install/turtlebot3_gazebo/share/turtlebot3_gazebo//models/turtlebot3_dqn_world/obstacle2/model.config
[23.744s] -- Symlinking: /home/sunny/robotics/turtlebot3_ws/install/turtlebot3_gazebo/share/turtlebot3_gazebo//models/turtlebot3_dqn_world/obstacle2/model.sdf
[23.750s] -- Symlinking: /home/sunny/robotics/turtlebot3_ws/install/turtlebot3_gazebo/share/turtlebot3_gazebo//models/turtlebot3_dqn_world/obstacles/model.config
[23.756s] -- Symlinking: /home/sunny/robotics/turtlebot3_ws/install/turtlebot3_gazebo/share/turtlebot3_gazebo//models/turtlebot3_dqn_world/obstacles/model.sdf
[23.762s] -- Symlinking: /home/sunny/robotics/turtlebot3_ws/install/turtlebot3_gazebo/share/turtlebot3_gazebo//models/turtlebot3_dqn_world/textures/wood.png
[23.769s] -- Symlinking: /home/sunny/robotics/turtlebot3_ws/install/turtlebot3_gazebo/share/turtlebot3_gazebo//models/turtlebot3_house/cafe_table/materials/textures/Maple.jpg
[23.775s] -- Symlinking: /home/sunny/robotics/turtlebot3_ws/install/turtlebot3_gazebo/share/turtlebot3_gazebo//models/turtlebot3_house/cafe_table/materials/textures/Wood_Floor_Dark.jpg
[23.781s] -- Symlinking: /home/sunny/robotics/turtlebot3_ws/install/turtlebot3_gazebo/share/turtlebot3_gazebo//models/turtlebot3_house/cafe_table/meshes/cafe_table.dae
[23.787s] -- Symlinking: /home/sunny/robotics/turtlebot3_ws/install/turtlebot3_gazebo/share/turtlebot3_gazebo//models/turtlebot3_house/cafe_table/model-1_4.sdf
[23.793s] -- Symlinking: /home/sunny/robotics/turtlebot3_ws/install/turtlebot3_gazebo/share/turtlebot3_gazebo//models/turtlebot3_house/cafe_table/model.config
[23.799s] -- Symlinking: /home/sunny/robotics/turtlebot3_ws/install/turtlebot3_gazebo/share/turtlebot3_gazebo//models/turtlebot3_house/cafe_table/model.sdf
[23.806s] -- Symlinking: /home/sunny/robotics/turtlebot3_ws/install/turtlebot3_gazebo/share/turtlebot3_gazebo//models/turtlebot3_house/first_2015_trash_can/meshes/trash_can.dae
[23.812s] -- Symlinking: /home/sunny/robotics/turtlebot3_ws/install/turtlebot3_gazebo/share/turtlebot3_gazebo//models/turtlebot3_house/first_2015_trash_can/model.config
[23.817s] -- Symlinking: /home/sunny/robotics/turtlebot3_ws/install/turtlebot3_gazebo/share/turtlebot3_gazebo//models/turtlebot3_house/first_2015_trash_can/model.sdf
[23.824s] -- Symlinking: /home/sunny/robotics/turtlebot3_ws/install/turtlebot3_gazebo/share/turtlebot3_gazebo//models/turtlebot3_house/mailbox/materials/scripts/mailbox.material
[23.830s] -- Symlinking: /home/sunny/robotics/turtlebot3_ws/install/turtlebot3_gazebo/share/turtlebot3_gazebo//models/turtlebot3_house/mailbox/materials/textures/Mailbox_Diffuse.png
[23.836s] -- Symlinking: /home/sunny/robotics/turtlebot3_ws/install/turtlebot3_gazebo/share/turtlebot3_gazebo//models/turtlebot3_house/mailbox/materials/textures/Mailbox_Diffuse.tga.orig
[23.842s] -- Symlinking: /home/sunny/robotics/turtlebot3_ws/install/turtlebot3_gazebo/share/turtlebot3_gazebo//models/turtlebot3_house/mailbox/materials/textures/Mailbox_Spec.png
[23.848s] -- Symlinking: /home/sunny/robotics/turtlebot3_ws/install/turtlebot3_gazebo/share/turtlebot3_gazebo//models/turtlebot3_house/mailbox/meshes/mailbox.dae
[23.853s] -- Symlinking: /home/sunny/robotics/turtlebot3_ws/install/turtlebot3_gazebo/share/turtlebot3_gazebo//models/turtlebot3_house/mailbox/model-1_3.sdf
[23.859s] -- Symlinking: /home/sunny/robotics/turtlebot3_ws/install/turtlebot3_gazebo/share/turtlebot3_gazebo//models/turtlebot3_house/mailbox/model-1_4.sdf
[23.865s] -- Symlinking: /home/sunny/robotics/turtlebot3_ws/install/turtlebot3_gazebo/share/turtlebot3_gazebo//models/turtlebot3_house/mailbox/model.config
[23.872s] -- Symlinking: /home/sunny/robotics/turtlebot3_ws/install/turtlebot3_gazebo/share/turtlebot3_gazebo//models/turtlebot3_house/mailbox/model.sdf
[23.878s] -- Symlinking: /home/sunny/robotics/turtlebot3_ws/install/turtlebot3_gazebo/share/turtlebot3_gazebo//models/turtlebot3_house/model.config
[23.884s] -- Symlinking: /home/sunny/robotics/turtlebot3_ws/install/turtlebot3_gazebo/share/turtlebot3_gazebo//models/turtlebot3_house/model.sdf
[23.891s] -- Symlinking: /home/sunny/robotics/turtlebot3_ws/install/turtlebot3_gazebo/share/turtlebot3_gazebo//models/turtlebot3_house/table_marble/materials/scripts/table_lightmap.material
[23.898s] -- Symlinking: /home/sunny/robotics/turtlebot3_ws/install/turtlebot3_gazebo/share/turtlebot3_gazebo//models/turtlebot3_house/table_marble/materials/textures/marble.png
[23.905s] -- Symlinking: /home/sunny/robotics/turtlebot3_ws/install/turtlebot3_gazebo/share/turtlebot3_gazebo//models/turtlebot3_house/table_marble/materials/textures/table_lightmap.png
[23.911s] -- Symlinking: /home/sunny/robotics/turtlebot3_ws/install/turtlebot3_gazebo/share/turtlebot3_gazebo//models/turtlebot3_house/table_marble/meshes/table_lightmap.dae
[23.917s] -- Symlinking: /home/sunny/robotics/turtlebot3_ws/install/turtlebot3_gazebo/share/turtlebot3_gazebo//models/turtlebot3_house/table_marble/model-1_4.sdf
[23.923s] -- Symlinking: /home/sunny/robotics/turtlebot3_ws/install/turtlebot3_gazebo/share/turtlebot3_gazebo//models/turtlebot3_house/table_marble/model.config
[23.929s] -- Symlinking: /home/sunny/robotics/turtlebot3_ws/install/turtlebot3_gazebo/share/turtlebot3_gazebo//models/turtlebot3_house/table_marble/model.sdf
[23.936s] -- Symlinking: /home/sunny/robotics/turtlebot3_ws/install/turtlebot3_gazebo/share/turtlebot3_gazebo//models/turtlebot3_house/textures/bricks.png
[23.942s] -- Symlinking: /home/sunny/robotics/turtlebot3_ws/install/turtlebot3_gazebo/share/turtlebot3_gazebo//models/turtlebot3_house/textures/wood.png
[23.948s] -- Symlinking: /home/sunny/robotics/turtlebot3_ws/install/turtlebot3_gazebo/share/turtlebot3_gazebo//models/turtlebot3_waffle/model-1_4.sdf
[23.954s] -- Symlinking: /home/sunny/robotics/turtlebot3_ws/install/turtlebot3_gazebo/share/turtlebot3_gazebo//models/turtlebot3_waffle/model.config
[23.960s] -- Symlinking: /home/sunny/robotics/turtlebot3_ws/install/turtlebot3_gazebo/share/turtlebot3_gazebo//models/turtlebot3_waffle/model.sdf
[23.966s] -- Symlinking: /home/sunny/robotics/turtlebot3_ws/install/turtlebot3_gazebo/share/turtlebot3_gazebo//models/turtlebot3_waffle_pi/model-1_4_.sdf
[23.973s] -- Symlinking: /home/sunny/robotics/turtlebot3_ws/install/turtlebot3_gazebo/share/turtlebot3_gazebo//models/turtlebot3_waffle_pi/model.config
[23.979s] -- Symlinking: /home/sunny/robotics/turtlebot3_ws/install/turtlebot3_gazebo/share/turtlebot3_gazebo//models/turtlebot3_waffle_pi/model.sdf
[23.985s] -- Symlinking: /home/sunny/robotics/turtlebot3_ws/install/turtlebot3_gazebo/share/turtlebot3_gazebo//models/turtlebot3_world/meshes/hexagon.dae
[23.993s] -- Symlinking: /home/sunny/robotics/turtlebot3_ws/install/turtlebot3_gazebo/share/turtlebot3_gazebo//models/turtlebot3_world/meshes/wall.dae
[23.999s] -- Symlinking: /home/sunny/robotics/turtlebot3_ws/install/turtlebot3_gazebo/share/turtlebot3_gazebo//models/turtlebot3_world/model-1_4.sdf
[24.005s] -- Symlinking: /home/sunny/robotics/turtlebot3_ws/install/turtlebot3_gazebo/share/turtlebot3_gazebo//models/turtlebot3_world/model.config
[24.011s] -- Symlinking: /home/sunny/robotics/turtlebot3_ws/install/turtlebot3_gazebo/share/turtlebot3_gazebo//models/turtlebot3_world/model.sdf
[24.017s] -- Symlinking: /home/sunny/robotics/turtlebot3_ws/install/turtlebot3_gazebo/share/turtlebot3_gazebo//params/turtlebot3_burger_bridge.yaml
[24.024s] -- Symlinking: /home/sunny/robotics/turtlebot3_ws/install/turtlebot3_gazebo/share/turtlebot3_gazebo//params/turtlebot3_burger_cam_bridge.yaml
[24.031s] -- Symlinking: /home/sunny/robotics/turtlebot3_ws/install/turtlebot3_gazebo/share/turtlebot3_gazebo//params/turtlebot3_waffle_bridge.yaml
[24.037s] -- Symlinking: /home/sunny/robotics/turtlebot3_ws/install/turtlebot3_gazebo/share/turtlebot3_gazebo//params/turtlebot3_waffle_pi_bridge.yaml
[24.043s] -- Symlinking: /home/sunny/robotics/turtlebot3_ws/install/turtlebot3_gazebo/share/turtlebot3_gazebo//rviz/tb3_gazebo.rviz
[24.049s] -- Symlinking: /home/sunny/robotics/turtlebot3_ws/install/turtlebot3_gazebo/share/turtlebot3_gazebo//urdf/common_properties.urdf
[24.055s] -- Symlinking: /home/sunny/robotics/turtlebot3_ws/install/turtlebot3_gazebo/share/turtlebot3_gazebo//urdf/turtlebot3_burger.urdf
[24.061s] -- Symlinking: /home/sunny/robotics/turtlebot3_ws/install/turtlebot3_gazebo/share/turtlebot3_gazebo//urdf/turtlebot3_burger_cam.urdf
[24.067s] -- Symlinking: /home/sunny/robotics/turtlebot3_ws/install/turtlebot3_gazebo/share/turtlebot3_gazebo//urdf/turtlebot3_waffle.urdf
[24.074s] -- Symlinking: /home/sunny/robotics/turtlebot3_ws/install/turtlebot3_gazebo/share/turtlebot3_gazebo//urdf/turtlebot3_waffle_pi.urdf
[24.080s] -- Symlinking: /home/sunny/robotics/turtlebot3_ws/install/turtlebot3_gazebo/share/turtlebot3_gazebo//worlds/empty_world.world
[24.086s] -- Symlinking: /home/sunny/robotics/turtlebot3_ws/install/turtlebot3_gazebo/share/turtlebot3_gazebo//worlds/turtlebot3_autorace_2020.world
[24.092s] -- Symlinking: /home/sunny/robotics/turtlebot3_ws/install/turtlebot3_gazebo/share/turtlebot3_gazebo//worlds/turtlebot3_dqn_stage1.world
[24.098s] -- Symlinking: /home/sunny/robotics/turtlebot3_ws/install/turtlebot3_gazebo/share/turtlebot3_gazebo//worlds/turtlebot3_dqn_stage2.world
[24.104s] -- Symlinking: /home/sunny/robotics/turtlebot3_ws/install/turtlebot3_gazebo/share/turtlebot3_gazebo//worlds/turtlebot3_dqn_stage3.world
[24.110s] -- Symlinking: /home/sunny/robotics/turtlebot3_ws/install/turtlebot3_gazebo/share/turtlebot3_gazebo//worlds/turtlebot3_dqn_stage4.world
[24.116s] -- Symlinking: /home/sunny/robotics/turtlebot3_ws/install/turtlebot3_gazebo/share/turtlebot3_gazebo//worlds/turtlebot3_house.world
[24.121s] -- Symlinking: /home/sunny/robotics/turtlebot3_ws/install/turtlebot3_gazebo/share/turtlebot3_gazebo//worlds/turtlebot3_world.world
[24.128s] -- Symlinking: /home/sunny/robotics/turtlebot3_ws/install/turtlebot3_gazebo/include//turtlebot3_gazebo/obstacle1.hpp
[24.133s] -- Symlinking: /home/sunny/robotics/turtlebot3_ws/install/turtlebot3_gazebo/include//turtlebot3_gazebo/obstacle2.hpp
[24.139s] -- Symlinking: /home/sunny/robotics/turtlebot3_ws/install/turtlebot3_gazebo/include//turtlebot3_gazebo/obstacles.hpp
[24.146s] -- Symlinking: /home/sunny/robotics/turtlebot3_ws/install/turtlebot3_gazebo/include//turtlebot3_gazebo/traffic_bar_plugin.hpp
[24.153s] -- Symlinking: /home/sunny/robotics/turtlebot3_ws/install/turtlebot3_gazebo/include//turtlebot3_gazebo/traffic_light_plugin.hpp
[24.159s] -- Symlinking: /home/sunny/robotics/turtlebot3_ws/install/turtlebot3_gazebo/include//turtlebot3_gazebo/turtlebot3_drive.hpp
[24.165s] -- Symlinking: /home/sunny/robotics/turtlebot3_ws/install/turtlebot3_gazebo/share/ament_index/resource_index/package_run_dependencies/turtlebot3_gazebo
[24.171s] -- Symlinking: /home/sunny/robotics/turtlebot3_ws/install/turtlebot3_gazebo/share/ament_index/resource_index/parent_prefix_path/turtlebot3_gazebo
[24.177s] -- Symlinking: /home/sunny/robotics/turtlebot3_ws/install/turtlebot3_gazebo/share/turtlebot3_gazebo/environment/ament_prefix_path.sh
[24.183s] -- Symlinking: /home/sunny/robotics/turtlebot3_ws/install/turtlebot3_gazebo/share/turtlebot3_gazebo/environment/ament_prefix_path.dsv
[24.189s] -- Symlinking: /home/sunny/robotics/turtlebot3_ws/install/turtlebot3_gazebo/share/turtlebot3_gazebo/environment/path.sh
[24.195s] -- Symlinking: /home/sunny/robotics/turtlebot3_ws/install/turtlebot3_gazebo/share/turtlebot3_gazebo/environment/path.dsv
[24.203s] -- Symlinking: /home/sunny/robotics/turtlebot3_ws/install/turtlebot3_gazebo/share/turtlebot3_gazebo/local_setup.bash
[24.209s] -- Symlinking: /home/sunny/robotics/turtlebot3_ws/install/turtlebot3_gazebo/share/turtlebot3_gazebo/local_setup.sh
[24.215s] -- Symlinking: /home/sunny/robotics/turtlebot3_ws/install/turtlebot3_gazebo/share/turtlebot3_gazebo/local_setup.zsh
[24.222s] -- Symlinking: /home/sunny/robotics/turtlebot3_ws/install/turtlebot3_gazebo/share/turtlebot3_gazebo/local_setup.dsv
[24.228s] -- Symlinking: /home/sunny/robotics/turtlebot3_ws/install/turtlebot3_gazebo/share/turtlebot3_gazebo/package.dsv
[24.235s] -- Symlinking: /home/sunny/robotics/turtlebot3_ws/install/turtlebot3_gazebo/share/ament_index/resource_index/packages/turtlebot3_gazebo
[24.242s] -- Symlinking: /home/sunny/robotics/turtlebot3_ws/install/turtlebot3_gazebo/share/turtlebot3_gazebo/cmake/ament_cmake_export_include_directories-extras.cmake
[24.248s] -- Symlinking: /home/sunny/robotics/turtlebot3_ws/install/turtlebot3_gazebo/share/turtlebot3_gazebo/cmake/ament_cmake_export_dependencies-extras.cmake
[24.254s] -- Symlinking: /home/sunny/robotics/turtlebot3_ws/install/turtlebot3_gazebo/share/turtlebot3_gazebo/cmake/turtlebot3_gazeboConfig.cmake
[24.260s] -- Symlinking: /home/sunny/robotics/turtlebot3_ws/install/turtlebot3_gazebo/share/turtlebot3_gazebo/cmake/turtlebot3_gazeboConfig-version.cmake
[24.267s] -- Symlinking: /home/sunny/robotics/turtlebot3_ws/install/turtlebot3_gazebo/share/turtlebot3_gazebo/package.xml
[24.275s] Invoked command in '/home/sunny/robotics/turtlebot3_ws/build/turtlebot3_gazebo' returned '0': CMAKE_PREFIX_PATH=${CMAKE_PREFIX_PATH}:/home/sunny/robotics/turtlebot3_ws/install/turtlebot3_teleop:/home/sunny/robotics/turtlebot3_ws/install/turtlebot3_example:/home/sunny/robotics/turtlebot3_ws/install/slam:/opt/ros/jazzy /usr/bin/cmake --install /home/sunny/robotics/turtlebot3_ws/build/turtlebot3_gazebo
