[0.982s] Invoking command in '/home/sunny/robotics/turtlebot3_ws/build/turtlebot3_teleop': PYTHONPATH=/home/sunny/robotics/turtlebot3_ws/build/turtlebot3_teleop/prefix_override:/usr/lib/python3/dist-packages/colcon_core/task/python/colcon_distutils_commands:/home/sunny/robotics/turtlebot3_ws/install/turtlebot3_teleop/lib/python3.12/site-packages:${PYTHONPATH} /usr/bin/python3 -W ignore:setup.py install is deprecated -W ignore:easy_install command is deprecated setup.py develop --editable --build-directory /home/sunny/robotics/turtlebot3_ws/build/turtlebot3_teleop/build --no-deps symlink_data
[1.225s] running develop
[1.350s] running egg_info
[1.350s] creating turtlebot3_teleop.egg-info
[1.367s] writing turtlebot3_teleop.egg-info/PKG-INFO
[1.368s] writing dependency_links to turtlebot3_teleop.egg-info/dependency_links.txt
[1.368s] writing entry points to turtlebot3_teleop.egg-info/entry_points.txt
[1.368s] writing requirements to turtlebot3_teleop.egg-info/requires.txt
[1.368s] writing top-level names to turtlebot3_teleop.egg-info/top_level.txt
[1.368s] writing manifest file 'turtlebot3_teleop.egg-info/SOURCES.txt'
[1.397s] reading manifest file 'turtlebot3_teleop.egg-info/SOURCES.txt'
[1.397s] writing manifest file 'turtlebot3_teleop.egg-info/SOURCES.txt'
[1.413s] running build_ext
[1.413s] Creating /home/sunny/robotics/turtlebot3_ws/install/turtlebot3_teleop/lib/python3.12/site-packages/turtlebot3-teleop.egg-link (link to .)
[1.413s] Installing teleop_keyboard script to /home/sunny/robotics/turtlebot3_ws/install/turtlebot3_teleop/lib/turtlebot3_teleop
[1.414s] 
[1.414s] Installed /home/sunny/robotics/turtlebot3_ws/build/turtlebot3_teleop
[1.414s] running symlink_data
[1.414s] creating /home/sunny/robotics/turtlebot3_ws/install/turtlebot3_teleop/share/ament_index
[1.414s] creating /home/sunny/robotics/turtlebot3_ws/install/turtlebot3_teleop/share/ament_index/resource_index
[1.415s] creating /home/sunny/robotics/turtlebot3_ws/install/turtlebot3_teleop/share/ament_index/resource_index/packages
[1.415s] symbolically linking /home/sunny/robotics/turtlebot3_ws/build/turtlebot3_teleop/resource/turtlebot3_teleop -> /home/sunny/robotics/turtlebot3_ws/install/turtlebot3_teleop/share/ament_index/resource_index/packages
[1.415s] symbolically linking /home/sunny/robotics/turtlebot3_ws/build/turtlebot3_teleop/package.xml -> /home/sunny/robotics/turtlebot3_ws/install/turtlebot3_teleop/share/turtlebot3_teleop
[1.452s] Invoked command in '/home/sunny/robotics/turtlebot3_ws/build/turtlebot3_teleop' returned '0': PYTHONPATH=/home/sunny/robotics/turtlebot3_ws/build/turtlebot3_teleop/prefix_override:/usr/lib/python3/dist-packages/colcon_core/task/python/colcon_distutils_commands:/home/sunny/robotics/turtlebot3_ws/install/turtlebot3_teleop/lib/python3.12/site-packages:${PYTHONPATH} /usr/bin/python3 -W ignore:setup.py install is deprecated -W ignore:easy_install command is deprecated setup.py develop --editable --build-directory /home/sunny/robotics/turtlebot3_ws/build/turtlebot3_teleop/build --no-deps symlink_data
