[0.046s] Invoking command in '/home/sunny/robotics/turtlebot3_ws/build/dynamixel_sdk': CMAKE_PREFIX_PATH=${CMAKE_PREFIX_PATH}:/home/sunny/robotics/turtlebot3_ws/install/turtlebot3_teleop:/home/sunny/robotics/turtlebot3_ws/install/turtlebot3_example:/home/sunny/robotics/turtlebot3_ws/install/slam:/opt/ros/jazzy /usr/bin/cmake --build /home/sunny/robotics/turtlebot3_ws/build/dynamixel_sdk -- -j20 -l20
[0.249s] [100%] Built target dynamixel_sdk
[0.249s] [100%] Built target ament_cmake_python_symlink_dynamixel_sdk
[0.249s] [100%] Built target ament_cmake_python_symlink_dynamixel_easy_sdk
[0.263s] running egg_info
[0.275s] running egg_info
[0.280s] writing dynamixel_easy_sdk.egg-info/PKG-INFO
[0.280s] writing dependency_links to dynamixel_easy_sdk.egg-info/dependency_links.txt
[0.280s] writing top-level names to dynamixel_easy_sdk.egg-info/top_level.txt
[0.293s] writing dynamixel_sdk.egg-info/PKG-INFO
[0.293s] writing dependency_links to dynamixel_sdk.egg-info/dependency_links.txt
[0.294s] writing top-level names to dynamixel_sdk.egg-info/top_level.txt
[0.318s] reading manifest file 'dynamixel_easy_sdk.egg-info/SOURCES.txt'
[0.318s] writing manifest file 'dynamixel_easy_sdk.egg-info/SOURCES.txt'
[0.327s] reading manifest file 'dynamixel_sdk.egg-info/SOURCES.txt'
[0.328s] writing manifest file 'dynamixel_sdk.egg-info/SOURCES.txt'
[0.340s] [100%] Built target ament_cmake_python_build_dynamixel_easy_sdk_egg
[0.345s] [100%] Built target ament_cmake_python_build_dynamixel_sdk_egg
[0.476s] Invoked command in '/home/sunny/robotics/turtlebot3_ws/build/dynamixel_sdk' returned '0': CMAKE_PREFIX_PATH=${CMAKE_PREFIX_PATH}:/home/sunny/robotics/turtlebot3_ws/install/turtlebot3_teleop:/home/sunny/robotics/turtlebot3_ws/install/turtlebot3_example:/home/sunny/robotics/turtlebot3_ws/install/slam:/opt/ros/jazzy /usr/bin/cmake --build /home/sunny/robotics/turtlebot3_ws/build/dynamixel_sdk -- -j20 -l20
[0.477s] Invoking command in '/home/sunny/robotics/turtlebot3_ws/build/dynamixel_sdk': CMAKE_PREFIX_PATH=${CMAKE_PREFIX_PATH}:/home/sunny/robotics/turtlebot3_ws/install/turtlebot3_teleop:/home/sunny/robotics/turtlebot3_ws/install/turtlebot3_example:/home/sunny/robotics/turtlebot3_ws/install/slam:/opt/ros/jazzy /usr/bin/cmake --install /home/sunny/robotics/turtlebot3_ws/build/dynamixel_sdk
[0.483s] -- Install configuration: ""
[0.485s] -- Execute custom install script
[0.488s] -- Up-to-date symlink: /home/sunny/robotics/turtlebot3_ws/install/dynamixel_sdk/include//dynamixel_easy_sdk/connector.hpp
[0.489s] -- Up-to-date symlink: /home/sunny/robotics/turtlebot3_ws/install/dynamixel_sdk/include//dynamixel_easy_sdk/control_table.hpp
[0.490s] -- Up-to-date symlink: /home/sunny/robotics/turtlebot3_ws/install/dynamixel_sdk/include//dynamixel_easy_sdk/data_types.hpp
[0.490s] -- Up-to-date symlink: /home/sunny/robotics/turtlebot3_ws/install/dynamixel_sdk/include//dynamixel_easy_sdk/dynamixel_easy_sdk.hpp
[0.491s] -- Up-to-date symlink: /home/sunny/robotics/turtlebot3_ws/install/dynamixel_sdk/include//dynamixel_easy_sdk/dynamixel_error.hpp
[0.492s] -- Up-to-date symlink: /home/sunny/robotics/turtlebot3_ws/install/dynamixel_sdk/include//dynamixel_easy_sdk/group_executor.hpp
[0.492s] -- Up-to-date symlink: /home/sunny/robotics/turtlebot3_ws/install/dynamixel_sdk/include//dynamixel_easy_sdk/motor.hpp
[0.493s] -- Up-to-date symlink: /home/sunny/robotics/turtlebot3_ws/install/dynamixel_sdk/include//dynamixel_sdk/dynamixel_sdk.h
[0.493s] -- Up-to-date symlink: /home/sunny/robotics/turtlebot3_ws/install/dynamixel_sdk/include//dynamixel_sdk/group_bulk_read.h
[0.493s] -- Up-to-date symlink: /home/sunny/robotics/turtlebot3_ws/install/dynamixel_sdk/include//dynamixel_sdk/group_bulk_write.h
[0.494s] -- Up-to-date symlink: /home/sunny/robotics/turtlebot3_ws/install/dynamixel_sdk/include//dynamixel_sdk/group_fast_bulk_read.h
[0.494s] -- Up-to-date symlink: /home/sunny/robotics/turtlebot3_ws/install/dynamixel_sdk/include//dynamixel_sdk/group_fast_sync_read.h
[0.494s] -- Up-to-date symlink: /home/sunny/robotics/turtlebot3_ws/install/dynamixel_sdk/include//dynamixel_sdk/group_handler.h
[0.494s] -- Up-to-date symlink: /home/sunny/robotics/turtlebot3_ws/install/dynamixel_sdk/include//dynamixel_sdk/group_sync_read.h
[0.494s] -- Up-to-date symlink: /home/sunny/robotics/turtlebot3_ws/install/dynamixel_sdk/include//dynamixel_sdk/group_sync_write.h
[0.495s] -- Up-to-date symlink: /home/sunny/robotics/turtlebot3_ws/install/dynamixel_sdk/include//dynamixel_sdk/packet_handler.h
[0.497s] -- Up-to-date symlink: /home/sunny/robotics/turtlebot3_ws/install/dynamixel_sdk/include//dynamixel_sdk/port_handler.h
[0.497s] -- Up-to-date symlink: /home/sunny/robotics/turtlebot3_ws/install/dynamixel_sdk/include//dynamixel_sdk/port_handler_arduino.h
[0.498s] -- Up-to-date symlink: /home/sunny/robotics/turtlebot3_ws/install/dynamixel_sdk/include//dynamixel_sdk/port_handler_linux.h
[0.498s] -- Up-to-date symlink: /home/sunny/robotics/turtlebot3_ws/install/dynamixel_sdk/include//dynamixel_sdk/port_handler_mac.h
[0.499s] -- Up-to-date symlink: /home/sunny/robotics/turtlebot3_ws/install/dynamixel_sdk/include//dynamixel_sdk/port_handler_windows.h
[0.500s] -- Up-to-date symlink: /home/sunny/robotics/turtlebot3_ws/install/dynamixel_sdk/include//dynamixel_sdk/protocol1_packet_handler.h
[0.501s] -- Up-to-date symlink: /home/sunny/robotics/turtlebot3_ws/install/dynamixel_sdk/include//dynamixel_sdk/protocol2_packet_handler.h
[0.502s] -- Up-to-date symlink: /home/sunny/robotics/turtlebot3_ws/install/dynamixel_sdk/share/dynamixel_sdk/control_table/2xc430_w250.model
[0.504s] -- Up-to-date symlink: /home/sunny/robotics/turtlebot3_ws/install/dynamixel_sdk/share/dynamixel_sdk/control_table/2xl430_w250.model
[0.504s] -- Up-to-date symlink: /home/sunny/robotics/turtlebot3_ws/install/dynamixel_sdk/share/dynamixel_sdk/control_table/dynamixel.model
[0.504s] -- Up-to-date symlink: /home/sunny/robotics/turtlebot3_ws/install/dynamixel_sdk/share/dynamixel_sdk/control_table/h42_20_s300_ra.model
[0.505s] -- Up-to-date symlink: /home/sunny/robotics/turtlebot3_ws/install/dynamixel_sdk/share/dynamixel_sdk/control_table/h54_100_s500_ra.model
[0.505s] -- Up-to-date symlink: /home/sunny/robotics/turtlebot3_ws/install/dynamixel_sdk/share/dynamixel_sdk/control_table/h54_200_s500_ra.model
[0.506s] -- Up-to-date symlink: /home/sunny/robotics/turtlebot3_ws/install/dynamixel_sdk/share/dynamixel_sdk/control_table/m42_10_s260_ra.model
[0.506s] -- Up-to-date symlink: /home/sunny/robotics/turtlebot3_ws/install/dynamixel_sdk/share/dynamixel_sdk/control_table/m54_40_s250_ra.model
[0.506s] -- Up-to-date symlink: /home/sunny/robotics/turtlebot3_ws/install/dynamixel_sdk/share/dynamixel_sdk/control_table/m54_60_s250_ra.model
[0.509s] -- Up-to-date symlink: /home/sunny/robotics/turtlebot3_ws/install/dynamixel_sdk/share/dynamixel_sdk/control_table/mx_106.model
[0.510s] -- Up-to-date symlink: /home/sunny/robotics/turtlebot3_ws/install/dynamixel_sdk/share/dynamixel_sdk/control_table/mx_28.model
[0.511s] -- Up-to-date symlink: /home/sunny/robotics/turtlebot3_ws/install/dynamixel_sdk/share/dynamixel_sdk/control_table/mx_64.model
[0.512s] -- Up-to-date symlink: /home/sunny/robotics/turtlebot3_ws/install/dynamixel_sdk/share/dynamixel_sdk/control_table/ph42_020_s300.model
[0.513s] -- Up-to-date symlink: /home/sunny/robotics/turtlebot3_ws/install/dynamixel_sdk/share/dynamixel_sdk/control_table/ph54_100_s500.model
[0.513s] -- Up-to-date symlink: /home/sunny/robotics/turtlebot3_ws/install/dynamixel_sdk/share/dynamixel_sdk/control_table/ph54_200_s500.model
[0.515s] -- Up-to-date symlink: /home/sunny/robotics/turtlebot3_ws/install/dynamixel_sdk/share/dynamixel_sdk/control_table/pm42_010_s260.model
[0.515s] -- Up-to-date symlink: /home/sunny/robotics/turtlebot3_ws/install/dynamixel_sdk/share/dynamixel_sdk/control_table/pm54_040_s250.model
[0.516s] -- Up-to-date symlink: /home/sunny/robotics/turtlebot3_ws/install/dynamixel_sdk/share/dynamixel_sdk/control_table/pm54_060_s250.model
[0.518s] -- Up-to-date symlink: /home/sunny/robotics/turtlebot3_ws/install/dynamixel_sdk/share/dynamixel_sdk/control_table/rh_p12_rn.model
[0.518s] -- Up-to-date symlink: /home/sunny/robotics/turtlebot3_ws/install/dynamixel_sdk/share/dynamixel_sdk/control_table/xc330_m181.model
[0.518s] -- Up-to-date symlink: /home/sunny/robotics/turtlebot3_ws/install/dynamixel_sdk/share/dynamixel_sdk/control_table/xc330_m181_fw52.model
[0.518s] -- Up-to-date symlink: /home/sunny/robotics/turtlebot3_ws/install/dynamixel_sdk/share/dynamixel_sdk/control_table/xc330_m288.model
[0.519s] -- Up-to-date symlink: /home/sunny/robotics/turtlebot3_ws/install/dynamixel_sdk/share/dynamixel_sdk/control_table/xc330_m288_fw52.model
[0.519s] -- Up-to-date symlink: /home/sunny/robotics/turtlebot3_ws/install/dynamixel_sdk/share/dynamixel_sdk/control_table/xc330_t181.model
[0.520s] -- Up-to-date symlink: /home/sunny/robotics/turtlebot3_ws/install/dynamixel_sdk/share/dynamixel_sdk/control_table/xc330_t181_fw52.model
[0.520s] -- Up-to-date symlink: /home/sunny/robotics/turtlebot3_ws/install/dynamixel_sdk/share/dynamixel_sdk/control_table/xc330_t288.model
[0.522s] -- Up-to-date symlink: /home/sunny/robotics/turtlebot3_ws/install/dynamixel_sdk/share/dynamixel_sdk/control_table/xc330_t288_fw52.model
[0.522s] -- Up-to-date symlink: /home/sunny/robotics/turtlebot3_ws/install/dynamixel_sdk/share/dynamixel_sdk/control_table/xc430_w150.model
[0.522s] -- Up-to-date symlink: /home/sunny/robotics/turtlebot3_ws/install/dynamixel_sdk/share/dynamixel_sdk/control_table/xc430_w240.model
[0.522s] -- Up-to-date symlink: /home/sunny/robotics/turtlebot3_ws/install/dynamixel_sdk/share/dynamixel_sdk/control_table/xd430_t210.model
[0.525s] -- Up-to-date symlink: /home/sunny/robotics/turtlebot3_ws/install/dynamixel_sdk/share/dynamixel_sdk/control_table/xd430_t350.model
[0.525s] -- Up-to-date symlink: /home/sunny/robotics/turtlebot3_ws/install/dynamixel_sdk/share/dynamixel_sdk/control_table/xd540_t150.model
[0.525s] -- Up-to-date symlink: /home/sunny/robotics/turtlebot3_ws/install/dynamixel_sdk/share/dynamixel_sdk/control_table/xd540_t270.model
[0.526s] -- Up-to-date symlink: /home/sunny/robotics/turtlebot3_ws/install/dynamixel_sdk/share/dynamixel_sdk/control_table/xh430_v210.model
[0.526s] -- Up-to-date symlink: /home/sunny/robotics/turtlebot3_ws/install/dynamixel_sdk/share/dynamixel_sdk/control_table/xh430_v350.model
[0.527s] -- Up-to-date symlink: /home/sunny/robotics/turtlebot3_ws/install/dynamixel_sdk/share/dynamixel_sdk/control_table/xh430_w210.model
[0.528s] -- Up-to-date symlink: /home/sunny/robotics/turtlebot3_ws/install/dynamixel_sdk/share/dynamixel_sdk/control_table/xh430_w350.model
[0.531s] -- Up-to-date symlink: /home/sunny/robotics/turtlebot3_ws/install/dynamixel_sdk/share/dynamixel_sdk/control_table/xh540_v150.model
[0.532s] -- Up-to-date symlink: /home/sunny/robotics/turtlebot3_ws/install/dynamixel_sdk/share/dynamixel_sdk/control_table/xh540_v270.model
[0.532s] -- Up-to-date symlink: /home/sunny/robotics/turtlebot3_ws/install/dynamixel_sdk/share/dynamixel_sdk/control_table/xh540_w150.model
[0.532s] -- Up-to-date symlink: /home/sunny/robotics/turtlebot3_ws/install/dynamixel_sdk/share/dynamixel_sdk/control_table/xh540_w270.model
[0.535s] -- Up-to-date symlink: /home/sunny/robotics/turtlebot3_ws/install/dynamixel_sdk/share/dynamixel_sdk/control_table/xl320.model
[0.536s] -- Up-to-date symlink: /home/sunny/robotics/turtlebot3_ws/install/dynamixel_sdk/share/dynamixel_sdk/control_table/xl330_m077.model
[0.536s] -- Up-to-date symlink: /home/sunny/robotics/turtlebot3_ws/install/dynamixel_sdk/share/dynamixel_sdk/control_table/xl330_m077_fw52.model
[0.536s] -- Up-to-date symlink: /home/sunny/robotics/turtlebot3_ws/install/dynamixel_sdk/share/dynamixel_sdk/control_table/xl330_m288.model
[0.536s] -- Up-to-date symlink: /home/sunny/robotics/turtlebot3_ws/install/dynamixel_sdk/share/dynamixel_sdk/control_table/xl330_m288_fw52.model
[0.539s] -- Up-to-date symlink: /home/sunny/robotics/turtlebot3_ws/install/dynamixel_sdk/share/dynamixel_sdk/control_table/xl430_w250.model
[0.539s] -- Up-to-date symlink: /home/sunny/robotics/turtlebot3_ws/install/dynamixel_sdk/share/dynamixel_sdk/control_table/xm430_w210.model
[0.539s] -- Up-to-date symlink: /home/sunny/robotics/turtlebot3_ws/install/dynamixel_sdk/share/dynamixel_sdk/control_table/xm430_w350.model
[0.539s] -- Up-to-date symlink: /home/sunny/robotics/turtlebot3_ws/install/dynamixel_sdk/share/dynamixel_sdk/control_table/xm540_w150.model
[0.539s] -- Up-to-date symlink: /home/sunny/robotics/turtlebot3_ws/install/dynamixel_sdk/share/dynamixel_sdk/control_table/xm540_w270.model
[0.540s] -- Up-to-date symlink: /home/sunny/robotics/turtlebot3_ws/install/dynamixel_sdk/share/dynamixel_sdk/control_table/xw430_t200.model
[0.540s] -- Up-to-date symlink: /home/sunny/robotics/turtlebot3_ws/install/dynamixel_sdk/share/dynamixel_sdk/control_table/xw430_t333.model
[0.542s] -- Up-to-date symlink: /home/sunny/robotics/turtlebot3_ws/install/dynamixel_sdk/share/dynamixel_sdk/control_table/xw540_h260.model
[0.542s] -- Up-to-date symlink: /home/sunny/robotics/turtlebot3_ws/install/dynamixel_sdk/share/dynamixel_sdk/control_table/xw540_t140.model
[0.542s] -- Up-to-date symlink: /home/sunny/robotics/turtlebot3_ws/install/dynamixel_sdk/share/dynamixel_sdk/control_table/xw540_t260.model
[0.542s] -- Up-to-date symlink: /home/sunny/robotics/turtlebot3_ws/install/dynamixel_sdk/share/dynamixel_sdk/control_table/ym070_210_a051.model
[0.543s] -- Up-to-date symlink: /home/sunny/robotics/turtlebot3_ws/install/dynamixel_sdk/share/dynamixel_sdk/control_table/ym070_210_a099.model
[0.543s] -- Up-to-date symlink: /home/sunny/robotics/turtlebot3_ws/install/dynamixel_sdk/share/dynamixel_sdk/control_table/ym070_210_b001.model
[0.543s] -- Up-to-date symlink: /home/sunny/robotics/turtlebot3_ws/install/dynamixel_sdk/share/dynamixel_sdk/control_table/ym070_210_m001.model
[0.543s] -- Up-to-date symlink: /home/sunny/robotics/turtlebot3_ws/install/dynamixel_sdk/share/dynamixel_sdk/control_table/ym070_210_r051.model
[0.543s] -- Up-to-date symlink: /home/sunny/robotics/turtlebot3_ws/install/dynamixel_sdk/share/dynamixel_sdk/control_table/ym070_210_r099.model
[0.544s] -- Up-to-date symlink: /home/sunny/robotics/turtlebot3_ws/install/dynamixel_sdk/share/dynamixel_sdk/control_table/ym080_230_a051.model
[0.544s] -- Up-to-date symlink: /home/sunny/robotics/turtlebot3_ws/install/dynamixel_sdk/share/dynamixel_sdk/control_table/ym080_230_a099.model
[0.544s] -- Up-to-date symlink: /home/sunny/robotics/turtlebot3_ws/install/dynamixel_sdk/share/dynamixel_sdk/control_table/ym080_230_b001.model
[0.546s] -- Up-to-date symlink: /home/sunny/robotics/turtlebot3_ws/install/dynamixel_sdk/share/dynamixel_sdk/control_table/ym080_230_m001.model
[0.548s] -- Up-to-date symlink: /home/sunny/robotics/turtlebot3_ws/install/dynamixel_sdk/share/dynamixel_sdk/control_table/ym080_230_r051.model
[0.548s] -- Up-to-date symlink: /home/sunny/robotics/turtlebot3_ws/install/dynamixel_sdk/share/dynamixel_sdk/control_table/ym080_230_r099.model
[0.549s] -- Up-to-date symlink: /home/sunny/robotics/turtlebot3_ws/install/dynamixel_sdk/share/dynamixel_sdk/environment/pythonpath.sh
[0.549s] -- Up-to-date symlink: /home/sunny/robotics/turtlebot3_ws/install/dynamixel_sdk/share/dynamixel_sdk/environment/pythonpath.dsv
[0.550s] -- Up-to-date symlink: /home/sunny/robotics/turtlebot3_ws/install/dynamixel_sdk/lib/python3.12/site-packages/dynamixel_sdk-4.0.5-py3.12.egg-info/PKG-INFO
[0.551s] -- Up-to-date symlink: /home/sunny/robotics/turtlebot3_ws/install/dynamixel_sdk/lib/python3.12/site-packages/dynamixel_sdk-4.0.5-py3.12.egg-info/SOURCES.txt
[0.551s] -- Up-to-date symlink: /home/sunny/robotics/turtlebot3_ws/install/dynamixel_sdk/lib/python3.12/site-packages/dynamixel_sdk-4.0.5-py3.12.egg-info/dependency_links.txt
[0.552s] -- Up-to-date symlink: /home/sunny/robotics/turtlebot3_ws/install/dynamixel_sdk/lib/python3.12/site-packages/dynamixel_sdk-4.0.5-py3.12.egg-info/top_level.txt
[0.553s] -- Up-to-date symlink: /home/sunny/robotics/turtlebot3_ws/install/dynamixel_sdk/lib/python3.12/site-packages/dynamixel_sdk/__init__.py
[0.553s] -- Up-to-date symlink: /home/sunny/robotics/turtlebot3_ws/install/dynamixel_sdk/lib/python3.12/site-packages/dynamixel_sdk/group_bulk_read.cpp
[0.554s] -- Up-to-date symlink: /home/sunny/robotics/turtlebot3_ws/install/dynamixel_sdk/lib/python3.12/site-packages/dynamixel_sdk/group_bulk_read.py
[0.554s] -- Up-to-date symlink: /home/sunny/robotics/turtlebot3_ws/install/dynamixel_sdk/lib/python3.12/site-packages/dynamixel_sdk/group_bulk_write.cpp
[0.554s] -- Up-to-date symlink: /home/sunny/robotics/turtlebot3_ws/install/dynamixel_sdk/lib/python3.12/site-packages/dynamixel_sdk/group_bulk_write.py
[0.554s] -- Up-to-date symlink: /home/sunny/robotics/turtlebot3_ws/install/dynamixel_sdk/lib/python3.12/site-packages/dynamixel_sdk/group_fast_bulk_read.cpp
[0.554s] -- Up-to-date symlink: /home/sunny/robotics/turtlebot3_ws/install/dynamixel_sdk/lib/python3.12/site-packages/dynamixel_sdk/group_fast_sync_read.cpp
[0.554s] -- Up-to-date symlink: /home/sunny/robotics/turtlebot3_ws/install/dynamixel_sdk/lib/python3.12/site-packages/dynamixel_sdk/group_handler.cpp
[0.554s] -- Up-to-date symlink: /home/sunny/robotics/turtlebot3_ws/install/dynamixel_sdk/lib/python3.12/site-packages/dynamixel_sdk/group_sync_read.cpp
[0.555s] -- Up-to-date symlink: /home/sunny/robotics/turtlebot3_ws/install/dynamixel_sdk/lib/python3.12/site-packages/dynamixel_sdk/group_sync_read.py
[0.555s] -- Up-to-date symlink: /home/sunny/robotics/turtlebot3_ws/install/dynamixel_sdk/lib/python3.12/site-packages/dynamixel_sdk/group_sync_write.cpp
[0.555s] -- Up-to-date symlink: /home/sunny/robotics/turtlebot3_ws/install/dynamixel_sdk/lib/python3.12/site-packages/dynamixel_sdk/group_sync_write.py
[0.555s] -- Up-to-date symlink: /home/sunny/robotics/turtlebot3_ws/install/dynamixel_sdk/lib/python3.12/site-packages/dynamixel_sdk/packet_handler.cpp
[0.556s] -- Up-to-date symlink: /home/sunny/robotics/turtlebot3_ws/install/dynamixel_sdk/lib/python3.12/site-packages/dynamixel_sdk/packet_handler.py
[0.556s] -- Up-to-date symlink: /home/sunny/robotics/turtlebot3_ws/install/dynamixel_sdk/lib/python3.12/site-packages/dynamixel_sdk/port_handler.cpp
[0.557s] -- Up-to-date symlink: /home/sunny/robotics/turtlebot3_ws/install/dynamixel_sdk/lib/python3.12/site-packages/dynamixel_sdk/port_handler.py
[0.557s] -- Up-to-date symlink: /home/sunny/robotics/turtlebot3_ws/install/dynamixel_sdk/lib/python3.12/site-packages/dynamixel_sdk/port_handler_arduino.cpp
[0.557s] -- Up-to-date symlink: /home/sunny/robotics/turtlebot3_ws/install/dynamixel_sdk/lib/python3.12/site-packages/dynamixel_sdk/port_handler_linux.cpp
[0.557s] -- Up-to-date symlink: /home/sunny/robotics/turtlebot3_ws/install/dynamixel_sdk/lib/python3.12/site-packages/dynamixel_sdk/port_handler_mac.cpp
[0.558s] -- Up-to-date symlink: /home/sunny/robotics/turtlebot3_ws/install/dynamixel_sdk/lib/python3.12/site-packages/dynamixel_sdk/port_handler_windows.cpp
[0.558s] -- Up-to-date symlink: /home/sunny/robotics/turtlebot3_ws/install/dynamixel_sdk/lib/python3.12/site-packages/dynamixel_sdk/protocol1_packet_handler.cpp
[0.558s] -- Up-to-date symlink: /home/sunny/robotics/turtlebot3_ws/install/dynamixel_sdk/lib/python3.12/site-packages/dynamixel_sdk/protocol1_packet_handler.py
[0.558s] -- Up-to-date symlink: /home/sunny/robotics/turtlebot3_ws/install/dynamixel_sdk/lib/python3.12/site-packages/dynamixel_sdk/protocol2_packet_handler.cpp
[0.558s] -- Up-to-date symlink: /home/sunny/robotics/turtlebot3_ws/install/dynamixel_sdk/lib/python3.12/site-packages/dynamixel_sdk/protocol2_packet_handler.py
[0.561s] -- Up-to-date symlink: /home/sunny/robotics/turtlebot3_ws/install/dynamixel_sdk/lib/python3.12/site-packages/dynamixel_sdk/robotis_def.py
[0.561s] -- Up-to-date symlink: /home/sunny/robotics/turtlebot3_ws/install/dynamixel_sdk/lib/python3.12/site-packages/dynamixel_easy_sdk-4.0.5-py3.12.egg-info/PKG-INFO
[0.561s] -- Up-to-date symlink: /home/sunny/robotics/turtlebot3_ws/install/dynamixel_sdk/lib/python3.12/site-packages/dynamixel_easy_sdk-4.0.5-py3.12.egg-info/SOURCES.txt
[0.561s] -- Up-to-date symlink: /home/sunny/robotics/turtlebot3_ws/install/dynamixel_sdk/lib/python3.12/site-packages/dynamixel_easy_sdk-4.0.5-py3.12.egg-info/dependency_links.txt
[0.562s] -- Up-to-date symlink: /home/sunny/robotics/turtlebot3_ws/install/dynamixel_sdk/lib/python3.12/site-packages/dynamixel_easy_sdk-4.0.5-py3.12.egg-info/top_level.txt
[0.562s] -- Up-to-date symlink: /home/sunny/robotics/turtlebot3_ws/install/dynamixel_sdk/lib/python3.12/site-packages/dynamixel_easy_sdk/__init__.py
[0.564s] -- Up-to-date symlink: /home/sunny/robotics/turtlebot3_ws/install/dynamixel_sdk/lib/python3.12/site-packages/dynamixel_easy_sdk/connector.cpp
[0.564s] -- Up-to-date symlink: /home/sunny/robotics/turtlebot3_ws/install/dynamixel_sdk/lib/python3.12/site-packages/dynamixel_easy_sdk/connector.py
[0.565s] -- Up-to-date symlink: /home/sunny/robotics/turtlebot3_ws/install/dynamixel_sdk/lib/python3.12/site-packages/dynamixel_easy_sdk/control_table.cpp
[0.566s] -- Up-to-date symlink: /home/sunny/robotics/turtlebot3_ws/install/dynamixel_sdk/lib/python3.12/site-packages/dynamixel_easy_sdk/control_table.py
[0.566s] -- Up-to-date symlink: /home/sunny/robotics/turtlebot3_ws/install/dynamixel_sdk/lib/python3.12/site-packages/dynamixel_easy_sdk/data_types.py
[0.566s] -- Up-to-date symlink: /home/sunny/robotics/turtlebot3_ws/install/dynamixel_sdk/lib/python3.12/site-packages/dynamixel_easy_sdk/dynamixel_error.cpp
[0.566s] -- Up-to-date symlink: /home/sunny/robotics/turtlebot3_ws/install/dynamixel_sdk/lib/python3.12/site-packages/dynamixel_easy_sdk/dynamixel_error.py
[0.566s] -- Up-to-date symlink: /home/sunny/robotics/turtlebot3_ws/install/dynamixel_sdk/lib/python3.12/site-packages/dynamixel_easy_sdk/group_executor.cpp
[0.566s] -- Up-to-date symlink: /home/sunny/robotics/turtlebot3_ws/install/dynamixel_sdk/lib/python3.12/site-packages/dynamixel_easy_sdk/group_executor.py
[0.567s] -- Up-to-date symlink: /home/sunny/robotics/turtlebot3_ws/install/dynamixel_sdk/lib/python3.12/site-packages/dynamixel_easy_sdk/motor.cpp
[0.568s] -- Up-to-date symlink: /home/sunny/robotics/turtlebot3_ws/install/dynamixel_sdk/lib/python3.12/site-packages/dynamixel_easy_sdk/motor.py
[0.569s] -- Up-to-date symlink: /home/sunny/robotics/turtlebot3_ws/install/dynamixel_sdk/share/dynamixel_sdk/environment/library_path.sh
[0.569s] -- Up-to-date symlink: /home/sunny/robotics/turtlebot3_ws/install/dynamixel_sdk/share/dynamixel_sdk/environment/library_path.dsv
[0.569s] -- Up-to-date symlink: /home/sunny/robotics/turtlebot3_ws/install/dynamixel_sdk/share/ament_index/resource_index/package_run_dependencies/dynamixel_sdk
[0.569s] -- Up-to-date symlink: /home/sunny/robotics/turtlebot3_ws/install/dynamixel_sdk/share/ament_index/resource_index/parent_prefix_path/dynamixel_sdk
[0.569s] -- Up-to-date symlink: /home/sunny/robotics/turtlebot3_ws/install/dynamixel_sdk/share/dynamixel_sdk/environment/ament_prefix_path.sh
[0.569s] -- Up-to-date symlink: /home/sunny/robotics/turtlebot3_ws/install/dynamixel_sdk/share/dynamixel_sdk/environment/ament_prefix_path.dsv
[0.569s] -- Up-to-date symlink: /home/sunny/robotics/turtlebot3_ws/install/dynamixel_sdk/share/dynamixel_sdk/environment/path.sh
[0.572s] -- Up-to-date symlink: /home/sunny/robotics/turtlebot3_ws/install/dynamixel_sdk/share/dynamixel_sdk/environment/path.dsv
[0.572s] -- Up-to-date symlink: /home/sunny/robotics/turtlebot3_ws/install/dynamixel_sdk/share/dynamixel_sdk/local_setup.bash
[0.572s] -- Up-to-date symlink: /home/sunny/robotics/turtlebot3_ws/install/dynamixel_sdk/share/dynamixel_sdk/local_setup.sh
[0.572s] -- Up-to-date symlink: /home/sunny/robotics/turtlebot3_ws/install/dynamixel_sdk/share/dynamixel_sdk/local_setup.zsh
[0.573s] -- Up-to-date symlink: /home/sunny/robotics/turtlebot3_ws/install/dynamixel_sdk/share/dynamixel_sdk/local_setup.dsv
[0.574s] -- Symlinking: /home/sunny/robotics/turtlebot3_ws/install/dynamixel_sdk/share/dynamixel_sdk/package.dsv
[0.585s] -- Up-to-date symlink: /home/sunny/robotics/turtlebot3_ws/install/dynamixel_sdk/share/ament_index/resource_index/packages/dynamixel_sdk
[0.585s] -- Up-to-date symlink: /home/sunny/robotics/turtlebot3_ws/install/dynamixel_sdk/share/dynamixel_sdk/cmake/ament_cmake_export_targets-extras.cmake
[0.586s] -- Up-to-date symlink: /home/sunny/robotics/turtlebot3_ws/install/dynamixel_sdk/share/dynamixel_sdk/cmake/ament_cmake_export_include_directories-extras.cmake
[0.586s] -- Up-to-date symlink: /home/sunny/robotics/turtlebot3_ws/install/dynamixel_sdk/share/dynamixel_sdk/cmake/ament_cmake_export_libraries-extras.cmake
[0.587s] -- Up-to-date symlink: /home/sunny/robotics/turtlebot3_ws/install/dynamixel_sdk/share/dynamixel_sdk/cmake/dynamixel_sdkConfig.cmake
[0.587s] -- Up-to-date symlink: /home/sunny/robotics/turtlebot3_ws/install/dynamixel_sdk/share/dynamixel_sdk/cmake/dynamixel_sdkConfig-version.cmake
[0.588s] -- Up-to-date symlink: /home/sunny/robotics/turtlebot3_ws/install/dynamixel_sdk/share/dynamixel_sdk/package.xml
[0.589s] -- Up-to-date: /home/sunny/robotics/turtlebot3_ws/install/dynamixel_sdk/lib/libdynamixel_sdk.so
[0.603s] Listing '/home/sunny/robotics/turtlebot3_ws/install/dynamixel_sdk/lib/python3.12/site-packages/dynamixel_sdk'...
[0.614s] Listing '/home/sunny/robotics/turtlebot3_ws/install/dynamixel_sdk/lib/python3.12/site-packages/dynamixel_easy_sdk'...
[0.614s] -- Up-to-date: /home/sunny/robotics/turtlebot3_ws/install/dynamixel_sdk/share/dynamixel_sdk/cmake/dynamixel_sdkExport.cmake
[0.614s] -- Up-to-date: /home/sunny/robotics/turtlebot3_ws/install/dynamixel_sdk/share/dynamixel_sdk/cmake/dynamixel_sdkExport-noconfig.cmake
[0.639s] Invoked command in '/home/sunny/robotics/turtlebot3_ws/build/dynamixel_sdk' returned '0': CMAKE_PREFIX_PATH=${CMAKE_PREFIX_PATH}:/home/sunny/robotics/turtlebot3_ws/install/turtlebot3_teleop:/home/sunny/robotics/turtlebot3_ws/install/turtlebot3_example:/home/sunny/robotics/turtlebot3_ws/install/slam:/opt/ros/jazzy /usr/bin/cmake --install /home/sunny/robotics/turtlebot3_ws/build/dynamixel_sdk
