[0.995s] Invoking command in '/home/sunny/robotics/turtlebot3_ws/build/slam': PYTHONPATH=/home/sunny/robotics/turtlebot3_ws/build/slam/prefix_override:/usr/lib/python3/dist-packages/colcon_core/task/python/colcon_distutils_commands:/home/sunny/robotics/turtlebot3_ws/install/slam/lib/python3.12/site-packages:${PYTHONPATH} /usr/bin/python3 -W ignore:setup.py install is deprecated -W ignore:easy_install command is deprecated setup.py develop --editable --build-directory /home/sunny/robotics/turtlebot3_ws/build/slam/build --no-deps symlink_data
[1.239s] running develop
[1.369s] running egg_info
[1.369s] creating slam.egg-info
[1.384s] writing slam.egg-info/PKG-INFO
[1.385s] writing dependency_links to slam.egg-info/dependency_links.txt
[1.385s] writing entry points to slam.egg-info/entry_points.txt
[1.385s] writing requirements to slam.egg-info/requires.txt
[1.385s] writing top-level names to slam.egg-info/top_level.txt
[1.385s] writing manifest file 'slam.egg-info/SOURCES.txt'
[1.422s] reading manifest file 'slam.egg-info/SOURCES.txt'
[1.422s] writing manifest file 'slam.egg-info/SOURCES.txt'
[1.441s] running build_ext
[1.441s] Creating /home/sunny/robotics/turtlebot3_ws/install/slam/lib/python3.12/site-packages/slam.egg-link (link to .)
[1.441s] Installing slam_node script to /home/sunny/robotics/turtlebot3_ws/install/slam/lib/slam
[1.442s] 
[1.442s] Installed /home/sunny/robotics/turtlebot3_ws/build/slam
[1.442s] running symlink_data
[1.442s] creating /home/sunny/robotics/turtlebot3_ws/install/slam/share/ament_index
[1.442s] creating /home/sunny/robotics/turtlebot3_ws/install/slam/share/ament_index/resource_index
[1.442s] creating /home/sunny/robotics/turtlebot3_ws/install/slam/share/ament_index/resource_index/packages
[1.443s] symbolically linking /home/sunny/robotics/turtlebot3_ws/build/slam/resource/slam -> /home/sunny/robotics/turtlebot3_ws/install/slam/share/ament_index/resource_index/packages
[1.443s] symbolically linking /home/sunny/robotics/turtlebot3_ws/build/slam/package.xml -> /home/sunny/robotics/turtlebot3_ws/install/slam/share/slam
[1.475s] Invoked command in '/home/sunny/robotics/turtlebot3_ws/build/slam' returned '0': PYTHONPATH=/home/sunny/robotics/turtlebot3_ws/build/slam/prefix_override:/usr/lib/python3/dist-packages/colcon_core/task/python/colcon_distutils_commands:/home/sunny/robotics/turtlebot3_ws/install/slam/lib/python3.12/site-packages:${PYTHONPATH} /usr/bin/python3 -W ignore:setup.py install is deprecated -W ignore:easy_install command is deprecated setup.py develop --editable --build-directory /home/sunny/robotics/turtlebot3_ws/build/slam/build --no-deps symlink_data
